Component: ARM Compiler 5.06 update 5 (build 528) Tool: armlink [4d35e2]

==============================================================================

Section Cross References

    startup_stm32f407xx.o(RESET) refers to startup_stm32f407xx.o(STACK) for __initial_sp
    startup_stm32f407xx.o(RESET) refers to startup_stm32f407xx.o(.text) for Reset_Handler
    startup_stm32f407xx.o(RESET) refers to stm32f4xx_it.o(i.NMI_Handler) for NMI_Handler
    startup_stm32f407xx.o(RESET) refers to stm32f4xx_it.o(i.HardFault_Handler) for HardFault_Handler
    startup_stm32f407xx.o(RESET) refers to stm32f4xx_it.o(i.MemManage_Handler) for MemManage_Handler
    startup_stm32f407xx.o(RESET) refers to stm32f4xx_it.o(i.BusFault_Handler) for BusFault_Handler
    startup_stm32f407xx.o(RESET) refers to stm32f4xx_it.o(i.UsageFault_Handler) for UsageFault_Handler
    startup_stm32f407xx.o(RESET) refers to stm32f4xx_it.o(i.SVC_Handler) for SVC_Handler
    startup_stm32f407xx.o(RESET) refers to stm32f4xx_it.o(i.DebugMon_Handler) for DebugMon_Handler
    startup_stm32f407xx.o(RESET) refers to stm32f4xx_it.o(i.PendSV_Handler) for PendSV_Handler
    startup_stm32f407xx.o(RESET) refers to stm32f4xx_it.o(i.SysTick_Handler) for SysTick_Handler
    startup_stm32f407xx.o(.text) refers to system_stm32f4xx.o(i.SystemInit) for SystemInit
    startup_stm32f407xx.o(.text) refers to entry.o(.ARM.Collect$$$$00000000) for __main
    main.o(i.SystemClock_Config) refers to memseta.o(.text) for __aeabi_memclr4
    main.o(i.SystemClock_Config) refers to stm32f4xx_hal_rcc.o(i.HAL_RCC_OscConfig) for HAL_RCC_OscConfig
    main.o(i.SystemClock_Config) refers to stm32f4xx_hal_rcc.o(i.HAL_RCC_ClockConfig) for HAL_RCC_ClockConfig
    main.o(i.main) refers to stm32f4xx_hal.o(i.HAL_Init) for HAL_Init
    main.o(i.main) refers to main.o(i.SystemClock_Config) for SystemClock_Config
    main.o(i.main) refers to gpio.o(i.MX_GPIO_Init) for MX_GPIO_Init
    main.o(i.main) refers to ad9959.o(i.Init_AD9959) for Init_AD9959
    main.o(i.main) refers to ad9959.o(i.AD9959_IO_Update) for AD9959_IO_Update
    main.o(i.main) refers to ad9959.o(i.Sweep_Frequency) for Sweep_Frequency
    gpio.o(i.MX_GPIO_Init) refers to memseta.o(.text) for __aeabi_memclr4
    gpio.o(i.MX_GPIO_Init) refers to stm32f4xx_hal_gpio.o(i.HAL_GPIO_WritePin) for HAL_GPIO_WritePin
    gpio.o(i.MX_GPIO_Init) refers to stm32f4xx_hal_gpio.o(i.HAL_GPIO_Init) for HAL_GPIO_Init
    stm32f4xx_it.o(i.SysTick_Handler) refers to stm32f4xx_hal.o(i.HAL_IncTick) for HAL_IncTick
    stm32f4xx_hal_rcc.o(i.HAL_RCC_ClockConfig) refers to stm32f4xx_hal.o(i.HAL_GetTick) for HAL_GetTick
    stm32f4xx_hal_rcc.o(i.HAL_RCC_ClockConfig) refers to stm32f4xx_hal_rcc.o(i.HAL_RCC_GetSysClockFreq) for HAL_RCC_GetSysClockFreq
    stm32f4xx_hal_rcc.o(i.HAL_RCC_ClockConfig) refers to stm32f4xx_hal.o(i.HAL_InitTick) for HAL_InitTick
    stm32f4xx_hal_rcc.o(i.HAL_RCC_ClockConfig) refers to system_stm32f4xx.o(.constdata) for AHBPrescTable
    stm32f4xx_hal_rcc.o(i.HAL_RCC_ClockConfig) refers to system_stm32f4xx.o(.data) for SystemCoreClock
    stm32f4xx_hal_rcc.o(i.HAL_RCC_ClockConfig) refers to stm32f4xx_hal.o(.data) for uwTickPrio
    stm32f4xx_hal_rcc.o(i.HAL_RCC_GetHCLKFreq) refers to system_stm32f4xx.o(.data) for SystemCoreClock
    stm32f4xx_hal_rcc.o(i.HAL_RCC_GetPCLK1Freq) refers to system_stm32f4xx.o(.data) for SystemCoreClock
    stm32f4xx_hal_rcc.o(i.HAL_RCC_GetPCLK1Freq) refers to system_stm32f4xx.o(.constdata) for APBPrescTable
    stm32f4xx_hal_rcc.o(i.HAL_RCC_GetPCLK2Freq) refers to system_stm32f4xx.o(.data) for SystemCoreClock
    stm32f4xx_hal_rcc.o(i.HAL_RCC_GetPCLK2Freq) refers to system_stm32f4xx.o(.constdata) for APBPrescTable
    stm32f4xx_hal_rcc.o(i.HAL_RCC_GetSysClockFreq) refers to uldiv.o(.text) for __aeabi_uldivmod
    stm32f4xx_hal_rcc.o(i.HAL_RCC_MCOConfig) refers to stm32f4xx_hal_gpio.o(i.HAL_GPIO_Init) for HAL_GPIO_Init
    stm32f4xx_hal_rcc.o(i.HAL_RCC_NMI_IRQHandler) refers to stm32f4xx_hal_rcc.o(i.HAL_RCC_CSSCallback) for HAL_RCC_CSSCallback
    stm32f4xx_hal_rcc.o(i.HAL_RCC_OscConfig) refers to stm32f4xx_hal.o(i.HAL_GetTick) for HAL_GetTick
    stm32f4xx_hal_rcc_ex.o(i.HAL_RCCEx_DisablePLLI2S) refers to stm32f4xx_hal.o(i.HAL_GetTick) for HAL_GetTick
    stm32f4xx_hal_rcc_ex.o(i.HAL_RCCEx_EnablePLLI2S) refers to stm32f4xx_hal.o(i.HAL_GetTick) for HAL_GetTick
    stm32f4xx_hal_rcc_ex.o(i.HAL_RCCEx_PeriphCLKConfig) refers to stm32f4xx_hal.o(i.HAL_GetTick) for HAL_GetTick
    stm32f4xx_hal_rcc_ex.o(i.HAL_RCC_DeInit) refers to stm32f4xx_hal.o(i.HAL_GetTick) for HAL_GetTick
    stm32f4xx_hal_rcc_ex.o(i.HAL_RCC_DeInit) refers to stm32f4xx_hal.o(i.HAL_InitTick) for HAL_InitTick
    stm32f4xx_hal_rcc_ex.o(i.HAL_RCC_DeInit) refers to system_stm32f4xx.o(.data) for SystemCoreClock
    stm32f4xx_hal_rcc_ex.o(i.HAL_RCC_DeInit) refers to stm32f4xx_hal.o(.data) for uwTickPrio
    stm32f4xx_hal_flash.o(i.FLASH_SetErrorCode) refers to stm32f4xx_hal_flash.o(.data) for .data
[...]
    Removing filteringfunctions.o(i.arm_fir_decimate_fast_q31), (114 bytes).
    Removing filteringfunctions.o(i.arm_fir_decimate_init_f32), (50 bytes).
    Removing filteringfunctions.o(i.arm_fir_decimate_init_q15), (50 bytes).
    Removing filteringfunctions.o(i.arm_fir_decimate_init_q31), (50 bytes).
    Removing filteringfunctions.o(i.arm_fir_decimate_q15), (372 bytes).
    Removing filteringfunctions.o(i.arm_fir_decimate_q31), (130 bytes).
    Removing filteringfunctions.o(i.arm_fir_f32), (104 bytes).
    Removing filteringfunctions.o(i.arm_fir_f64), (176 bytes).
    Removing filteringfunctions.o(i.arm_fir_fast_q15), (112 bytes).
    Removing filteringfunctions.o(i.arm_fir_fast_q31), (94 bytes).
    Removing filteringfunctions.o(i.arm_fir_init_f32), (28 bytes).
    Removing filteringfunctions.o(i.arm_fir_init_f64), (28 bytes).
    Removing filteringfunctions.o(i.arm_fir_init_q15), (38 bytes).
    Removing filteringfunctions.o(i.arm_fir_init_q31), (28 bytes).
    Removing filteringfunctions.o(i.arm_fir_init_q7), (26 bytes).
    Removing filteringfunctions.o(i.arm_fir_interpolate_f32), (140 bytes).
    Removing filteringfunctions.o(i.arm_fir_interpolate_init_f32), (52 bytes).
    Removing filteringfunctions.o(i.arm_fir_interpolate_init_q15), (52 bytes).
    Removing filteringfunctions.o(i.arm_fir_interpolate_init_q31), (52 bytes).
    Removing filteringfunctions.o(i.arm_fir_interpolate_q15), (184 bytes).
    Removing filteringfunctions.o(i.arm_fir_interpolate_q31), (176 bytes).
    Removing filteringfunctions.o(i.arm_fir_lattice_f32), (102 bytes).
    Removing filteringfunctions.o(i.arm_fir_lattice_init_f32), (22 bytes).
    Removing filteringfunctions.o(i.arm_fir_lattice_init_q15), (22 bytes).
    Removing filteringfunctions.o(i.arm_fir_lattice_init_q31), (22 bytes).
    Removing filteringfunctions.o(i.arm_fir_lattice_q15), (132 bytes).
    Removing filteringfunctions.o(i.arm_fir_lattice_q31), (106 bytes).
    Removing filteringfunctions.o(i.arm_fir_q15), (132 bytes).
    Removing filteringfunctions.o(i.arm_fir_q31), (116 bytes).
    Removing filteringfunctions.o(i.arm_fir_q7), (100 bytes).
    Removing filteringfunctions.o(i.arm_fir_sparse_f32), (444 bytes).
    Removing filteringfunctions.o(i.arm_fir_sparse_init_f32), (38 bytes).
    Removing filteringfunctions.o(i.arm_fir_sparse_init_q15), (38 bytes).
    Removing filteringfunctions.o(i.arm_fir_sparse_init_q31), (38 bytes).
    Removing filteringfunctions.o(i.arm_fir_sparse_init_q7), (38 bytes).
    Removing filteringfunctions.o(i.arm_fir_sparse_q15), (512 bytes).
    Removing filteringfunctions.o(i.arm_fir_sparse_q31), (496 bytes).
    Removing filteringfunctions.o(i.arm_fir_sparse_q7), (498 bytes).
    Removing filteringfunctions.o(i.arm_iir_lattice_f32), (132 bytes).
    Removing filteringfunctions.o(i.arm_iir_lattice_init_f32), (28 bytes).
    Removing filteringfunctions.o(i.arm_iir_lattice_init_q15), (28 bytes).
    Removing filteringfunctions.o(i.arm_iir_lattice_init_q31), (28 bytes).
    Removing filteringfunctions.o(i.arm_iir_lattice_q15), (238 bytes).
    Removing filteringfunctions.o(i.arm_iir_lattice_q31), (236 bytes).
    Removing filteringfunctions.o(i.arm_levinson_durbin_f32), (240 bytes).
    Removing filteringfunctions.o(i.arm_levinson_durbin_q31), (396 bytes).
    Removing filteringfunctions.o(i.arm_lms_f32), (164 bytes).
    Removing filteringfunctions.o(i.arm_lms_init_f32), (44 bytes).
    Removing filteringfunctions.o(i.arm_lms_init_q15), (40 bytes).
    Removing filteringfunctions.o(i.arm_lms_init_q31), (40 bytes).
    Removing filteringfunctions.o(i.arm_lms_norm_f32), (208 bytes).
    Removing filteringfunctions.o(i.arm_lms_norm_init_f32), (60 bytes).
    Removing filteringfunctions.o(i.arm_lms_norm_init_q15), (56 bytes).
    Removing filteringfunctions.o(i.arm_lms_norm_init_q31), (56 bytes).
    Removing filteringfunctions.o(i.arm_lms_norm_q15), (358 bytes).
    Removing filteringfunctions.o(i.arm_lms_norm_q31), (466 bytes).
    Removing filteringfunctions.o(i.arm_lms_q15), (222 bytes).
    Removing filteringfunctions.o(i.arm_lms_q31), (244 bytes).
    Removing filteringfunctionsf16.o(.rev16_text), (4 bytes).
    Removing filteringfunctionsf16.o(.revsh_text), (4 bytes).
    Removing filteringfunctionsf16.o(.rrx_text), (6 bytes).
    Removing interpolationfunctions.o(.rev16_text), (4 bytes).
    Removing interpolationfunctions.o(.revsh_text), (4 bytes).
    Removing interpolationfunctions.o(.rrx_text), (6 bytes).
    Removing interpolationfunctions.o(i.arm_bilinear_interp_f32), (148 bytes).
    Removing interpolationfunctions.o(i.arm_bilinear_interp_q15), (156 bytes).
    Removing interpolationfunctions.o(i.arm_bilinear_interp_q31), (124 bytes).
    Removing interpolationfunctions.o(i.arm_bilinear_interp_q7), (120 bytes).
    Removing interpolationfunctions.o(i.arm_linear_interp_f32), (128 bytes).
    Removing interpolationfunctions.o(i.arm_linear_interp_q15), (72 bytes).
    Removing interpolationfunctions.o(i.arm_linear_interp_q31), (62 bytes).
    Removing interpolationfunctions.o(i.arm_linear_interp_q7), (60 bytes).
    Removing interpolationfunctions.o(i.arm_spline_f32), (244 bytes).
    Removing interpolationfunctions.o(i.arm_spline_init_f32), (416 bytes).
    Removing interpolationfunctionsf16.o(.rev16_text), (4 bytes).
    Removing interpolationfunctionsf16.o(.revsh_text), (4 bytes).
    Removing interpolationfunctionsf16.o(.rrx_text), (6 bytes).
    Removing matrixfunctions.o(.rev16_text), (4 bytes).
    Removing matrixfunctions.o(.revsh_text), (4 bytes).
    Removing matrixfunctions.o(.rrx_text), (6 bytes).
    Removing matrixfunctions.o(i.arm_householder_f32), (184 bytes).
    Removing matrixfunctions.o(i.arm_householder_f64), (284 bytes).
    Removing matrixfunctions.o(i.arm_mat_add_f32), (42 bytes).
    Removing matrixfunctions.o(i.arm_mat_add_q15), (42 bytes).
    Removing matrixfunctions.o(i.arm_mat_add_q31), (36 bytes).
    Removing matrixfunctions.o(i.arm_mat_cholesky_f32), (192 bytes).
    Removing matrixfunctions.o(i.arm_mat_cholesky_f64), (272 bytes).
    Removing matrixfunctions.o(i.arm_mat_cmplx_mult_f32), (152 bytes).
    Removing matrixfunctions.o(i.arm_mat_cmplx_mult_q15), (346 bytes).
    Removing matrixfunctions.o(i.arm_mat_cmplx_mult_q31), (246 bytes).
    Removing matrixfunctions.o(i.arm_mat_cmplx_trans_f32), (68 bytes).
    Removing matrixfunctions.o(i.arm_mat_cmplx_trans_q15), (66 bytes).
    Removing matrixfunctions.o(i.arm_mat_cmplx_trans_q31), (66 bytes).
    Removing matrixfunctions.o(i.arm_mat_init_f32), (8 bytes).
    Removing matrixfunctions.o(i.arm_mat_init_f64), (8 bytes).
    Removing matrixfunctions.o(i.arm_mat_init_q15), (8 bytes).
    Removing matrixfunctions.o(i.arm_mat_init_q31), (8 bytes).
    Removing matrixfunctions.o(i.arm_mat_inverse_f32), (696 bytes).
    Removing matrixfunctions.o(i.arm_mat_inverse_f64), (948 bytes).
    Removing matrixfunctions.o(i.arm_mat_ldlt_f32), (500 bytes).
    Removing matrixfunctions.o(i.arm_mat_ldlt_f64), (624 bytes).
    Removing matrixfunctions.o(i.arm_mat_mult_f32), (116 bytes).
    Removing matrixfunctions.o(i.arm_mat_mult_f64), (216 bytes).
    Removing matrixfunctions.o(i.arm_mat_mult_fast_q15), (782 bytes).
    Removing matrixfunctions.o(i.arm_mat_mult_fast_q31), (420 bytes).
    Removing matrixfunctions.o(i.arm_mat_mult_opt_q31), (134 bytes).
    Removing matrixfunctions.o(i.arm_mat_mult_q15), (214 bytes).
    Removing matrixfunctions.o(i.arm_mat_mult_q31), (134 bytes).
    Removing matrixfunctions.o(i.arm_mat_mult_q7), (128 bytes).
    Removing matrixfunctions.o(i.arm_mat_qr_f32), (1132 bytes).
    Removing matrixfunctions.o(i.arm_mat_qr_f64), (1568 bytes).
    Removing matrixfunctions.o(i.arm_mat_scale_f32), (34 bytes).
    Removing matrixfunctions.o(i.arm_mat_scale_q15), (48 bytes).
    Removing matrixfunctions.o(i.arm_mat_scale_q31), (54 bytes).
    Removing matrixfunctions.o(i.arm_mat_solve_lower_triangular_f32), (144 bytes).
    Removing matrixfunctions.o(i.arm_mat_solve_lower_triangular_f64), (216 bytes).
    Removing matrixfunctions.o(i.arm_mat_solve_upper_triangular_f32), (142 bytes).
    Removing matrixfunctions.o(i.arm_mat_solve_upper_triangular_f64), (212 bytes).
    Removing matrixfunctions.o(i.arm_mat_sub_f32), (42 bytes).
    Removing matrixfunctions.o(i.arm_mat_sub_f64), (70 bytes).
    Removing matrixfunctions.o(i.arm_mat_sub_q15), (42 bytes).
    Removing matrixfunctions.o(i.arm_mat_sub_q31), (36 bytes).
    Removing matrixfunctions.o(i.arm_mat_trans_f32), (52 bytes).
    Removing matrixfunctions.o(i.arm_mat_trans_f64), (78 bytes).
    Removing matrixfunctions.o(i.arm_mat_trans_q15), (52 bytes).
    Removing matrixfunctions.o(i.arm_mat_trans_q31), (52 bytes).
    Removing matrixfunctions.o(i.arm_mat_trans_q7), (52 bytes).
    Removing matrixfunctions.o(i.arm_mat_vec_mult_f32), (256 bytes).
    Removing matrixfunctions.o(i.arm_mat_vec_mult_q15), (560 bytes).
    Removing matrixfunctions.o(i.arm_mat_vec_mult_q31), (336 bytes).
    Removing matrixfunctions.o(i.arm_mat_vec_mult_q7), (574 bytes).
    Removing matrixfunctionsf16.o(.rev16_text), (4 bytes).
    Removing matrixfunctionsf16.o(.revsh_text), (4 bytes).
    Removing matrixfunctionsf16.o(.rrx_text), (6 bytes).
    Removing quaternionmathfunctions.o(.rev16_text), (4 bytes).
    Removing quaternionmathfunctions.o(.revsh_text), (4 bytes).
    Removing quaternionmathfunctions.o(.rrx_text), (6 bytes).
    Removing quaternionmathfunctions.o(i.arm_quaternion2rotation_f32), (204 bytes).
    Removing quaternionmathfunctions.o(i.arm_quaternion_conjugate_f32), (68 bytes).
    Removing quaternionmathfunctions.o(i.arm_quaternion_inverse_f32), (112 bytes).
    Removing quaternionmathfunctions.o(i.arm_quaternion_norm_f32), (74 bytes).
    Removing quaternionmathfunctions.o(i.arm_quaternion_normalize_f32), (118 bytes).
    Removing quaternionmathfunctions.o(i.arm_quaternion_product_f32), (36 bytes).
    Removing quaternionmathfunctions.o(i.arm_quaternion_product_single_f32), (210 bytes).
    Removing quaternionmathfunctions.o(i.arm_rotation2quaternion_f32), (464 bytes).
    Removing svmfunctions.o(.rev16_text), (4 bytes).
    Removing svmfunctions.o(.revsh_text), (4 bytes).
    Removing svmfunctions.o(.rrx_text), (6 bytes).
    Removing svmfunctions.o(i.arm_svm_linear_init_f32), (22 bytes).
    Removing svmfunctions.o(i.arm_svm_linear_predict_f32), (104 bytes).
    Removing svmfunctions.o(i.arm_svm_polynomial_init_f32), (28 bytes).
    Removing svmfunctions.o(i.arm_svm_polynomial_predict_f32), (136 bytes).
    Removing svmfunctions.o(i.arm_svm_rbf_init_f32), (28 bytes).
    Removing svmfunctions.o(i.arm_svm_rbf_predict_f32), (140 bytes).
    Removing svmfunctions.o(i.arm_svm_sigmoid_init_f32), (24 bytes).
    Removing svmfunctions.o(i.arm_svm_sigmoid_predict_f32), (140 bytes).
    Removing svmfunctionsf16.o(.rev16_text), (4 bytes).
    Removing svmfunctionsf16.o(.revsh_text), (4 bytes).
    Removing svmfunctionsf16.o(.rrx_text), (6 bytes).
    Removing statisticsfunctions.o(.rev16_text), (4 bytes).
    Removing statisticsfunctions.o(.revsh_text), (4 bytes).
    Removing statisticsfunctions.o(.rrx_text), (6 bytes).
    Removing statisticsfunctions.o(i.arm_absmax_f32), (54 bytes).
    Removing statisticsfunctions.o(i.arm_absmax_f64), (102 bytes).
    Removing statisticsfunctions.o(i.arm_absmax_no_idx_f32), (44 bytes).
    Removing statisticsfunctions.o(i.arm_absmax_no_idx_f64), (84 bytes).
    Removing statisticsfunctions.o(i.arm_absmax_no_idx_q15), (146 bytes).
    Removing statisticsfunctions.o(i.arm_absmax_no_idx_q31), (122 bytes).
    Removing statisticsfunctions.o(i.arm_absmax_no_idx_q7), (146 bytes).
    Removing statisticsfunctions.o(i.arm_absmax_q15), (182 bytes).
    Removing statisticsfunctions.o(i.arm_absmax_q31), (156 bytes).
    Removing statisticsfunctions.o(i.arm_absmax_q7), (182 bytes).
    Removing statisticsfunctions.o(i.arm_absmin_f32), (54 bytes).
    Removing statisticsfunctions.o(i.arm_absmin_f64), (102 bytes).
    Removing statisticsfunctions.o(i.arm_absmin_no_idx_f32), (44 bytes).
    Removing statisticsfunctions.o(i.arm_absmin_no_idx_f64), (84 bytes).
    Removing statisticsfunctions.o(i.arm_absmin_no_idx_q15), (146 bytes).
    Removing statisticsfunctions.o(i.arm_absmin_no_idx_q31), (122 bytes).
    Removing statisticsfunctions.o(i.arm_absmin_no_idx_q7), (146 bytes).
    Removing statisticsfunctions.o(i.arm_absmin_q15), (182 bytes).
    Removing statisticsfunctions.o(i.arm_absmin_q31), (156 bytes).
    Removing statisticsfunctions.o(i.arm_absmin_q7), (182 bytes).
    Removing statisticsfunctions.o(i.arm_accumulate_f32), (32 bytes).
    Removing statisticsfunctions.o(i.arm_accumulate_f64), (60 bytes).
    Removing statisticsfunctions.o(i.arm_entropy_f32), (52 bytes).
    Removing statisticsfunctions.o(i.arm_entropy_f64), (88 bytes).
    Removing statisticsfunctions.o(i.arm_kullback_leibler_f32), (60 bytes).
    Removing statisticsfunctions.o(i.arm_kullback_leibler_f64), (104 bytes).
    Removing statisticsfunctions.o(i.arm_logsumexp_dot_prod_f32), (26 bytes).
    Removing statisticsfunctions.o(i.arm_logsumexp_f32), (96 bytes).
    Removing statisticsfunctions.o(i.arm_max_f32), (46 bytes).
    Removing statisticsfunctions.o(i.arm_max_f64), (78 bytes).
    Removing statisticsfunctions.o(i.arm_max_no_idx_f32), (44 bytes).
    Removing statisticsfunctions.o(i.arm_max_no_idx_f64), (72 bytes).
    Removing statisticsfunctions.o(i.arm_max_no_idx_q15), (26 bytes).
    Removing statisticsfunctions.o(i.arm_max_no_idx_q31), (22 bytes).
    Removing statisticsfunctions.o(i.arm_max_no_idx_q7), (26 bytes).
    Removing statisticsfunctions.o(i.arm_max_q15), (36 bytes).
    Removing statisticsfunctions.o(i.arm_max_q31), (32 bytes).
    Removing statisticsfunctions.o(i.arm_max_q7), (36 bytes).
    Removing statisticsfunctions.o(i.arm_mean_f32), (44 bytes).
    Removing statisticsfunctions.o(i.arm_mean_f64), (96 bytes).
    Removing statisticsfunctions.o(i.arm_mean_q15), (28 bytes).
    Removing statisticsfunctions.o(i.arm_mean_q31), (44 bytes).
    Removing statisticsfunctions.o(i.arm_mean_q7), (28 bytes).
    Removing statisticsfunctions.o(i.arm_min_f32), (46 bytes).
    Removing statisticsfunctions.o(i.arm_min_f64), (78 bytes).
    Removing statisticsfunctions.o(i.arm_min_no_idx_f32), (44 bytes).
    Removing statisticsfunctions.o(i.arm_min_no_idx_f64), (72 bytes).
    Removing statisticsfunctions.o(i.arm_min_no_idx_q15), (26 bytes).
    Removing statisticsfunctions.o(i.arm_min_no_idx_q31), (22 bytes).
    Removing statisticsfunctions.o(i.arm_min_no_idx_q7), (26 bytes).
    Removing statisticsfunctions.o(i.arm_min_q15), (36 bytes).
    Removing statisticsfunctions.o(i.arm_min_q31), (32 bytes).
    Removing statisticsfunctions.o(i.arm_min_q7), (36 bytes).
    Removing statisticsfunctions.o(i.arm_mse_f32), (56 bytes).
    Removing statisticsfunctions.o(i.arm_mse_f64), (116 bytes).
    Removing statisticsfunctions.o(i.arm_mse_q15), (66 bytes).
    Removing statisticsfunctions.o(i.arm_mse_q31), (78 bytes).
    Removing statisticsfunctions.o(i.arm_mse_q7), (52 bytes).
    Removing statisticsfunctions.o(i.arm_power_f32), (32 bytes).
    Removing statisticsfunctions.o(i.arm_power_f64), (72 bytes).
    Removing statisticsfunctions.o(i.arm_power_q15), (28 bytes).
    Removing statisticsfunctions.o(i.arm_power_q31), (40 bytes).
    Removing statisticsfunctions.o(i.arm_power_q7), (26 bytes).
    Removing statisticsfunctions.o(i.arm_rms_f32), (68 bytes).
    Removing statisticsfunctions.o(i.arm_rms_q15), (58 bytes).
    Removing statisticsfunctions.o(i.arm_rms_q31), (68 bytes).
    Removing statisticsfunctions.o(i.arm_std_f32), (48 bytes).
    Removing statisticsfunctions.o(i.arm_std_f64), (24 bytes).
    Removing statisticsfunctions.o(i.arm_std_q15), (92 bytes).
    Removing statisticsfunctions.o(i.arm_std_q31), (124 bytes).
    Removing statisticsfunctions.o(i.arm_var_f32), (108 bytes).
    Removing statisticsfunctions.o(i.arm_var_f64), (152 bytes).
    Removing statisticsfunctions.o(i.arm_var_q15), (82 bytes).
    Removing statisticsfunctions.o(i.arm_var_q31), (120 bytes).
    Removing statisticsfunctionsf16.o(.rev16_text), (4 bytes).
    Removing statisticsfunctionsf16.o(.revsh_text), (4 bytes).
    Removing statisticsfunctionsf16.o(.rrx_text), (6 bytes).
    Removing supportfunctions.o(.rev16_text), (4 bytes).
    Removing supportfunctions.o(.revsh_text), (4 bytes).
    Removing supportfunctions.o(.rrx_text), (6 bytes).
    Removing supportfunctions.o(i.arm_barycenter_f32), (104 bytes).
    Removing supportfunctions.o(i.arm_bitonic_sort_core_f32), (136 bytes).
    Removing supportfunctions.o(i.arm_bitonic_sort_f32), (80 bytes).
    Removing supportfunctions.o(i.arm_bubble_sort_f32), (90 bytes).
    Removing supportfunctions.o(i.arm_copy_f32), (20 bytes).
    Removing supportfunctions.o(i.arm_copy_f64), (20 bytes).
    Removing supportfunctions.o(i.arm_copy_q15), (20 bytes).
    Removing supportfunctions.o(i.arm_copy_q31), (14 bytes).
    Removing supportfunctions.o(i.arm_copy_q7), (20 bytes).
    Removing supportfunctions.o(i.arm_f64_to_float), (34 bytes).
    Removing supportfunctions.o(i.arm_f64_to_q15), (72 bytes).
    Removing supportfunctions.o(i.arm_f64_to_q31), (72 bytes).
    Removing supportfunctions.o(i.arm_f64_to_q7), (72 bytes).
    Removing supportfunctions.o(i.arm_fill_f32), (16 bytes).
    Removing supportfunctions.o(i.arm_fill_f64), (16 bytes).
    Removing supportfunctions.o(i.arm_fill_q15), (16 bytes).
    Removing supportfunctions.o(i.arm_fill_q31), (12 bytes).
    Removing supportfunctions.o(i.arm_fill_q7), (16 bytes).
    Removing supportfunctions.o(i.arm_float_to_f64), (28 bytes).
    Removing supportfunctions.o(i.arm_float_to_q15), (44 bytes).
    Removing supportfunctions.o(i.arm_float_to_q31), (60 bytes).
    Removing supportfunctions.o(i.arm_float_to_q7), (44 bytes).
    Removing supportfunctions.o(i.arm_heap_sort_f32), (94 bytes).
    Removing supportfunctions.o(i.arm_heapify), (136 bytes).
    Removing supportfunctions.o(i.arm_insertion_sort_f32), (88 bytes).
    Removing supportfunctions.o(i.arm_merge_sort_core_f32), (156 bytes).
    Removing supportfunctions.o(i.arm_merge_sort_f32), (60 bytes).
    Removing supportfunctions.o(i.arm_merge_sort_init_f32), (6 bytes).
    Removing supportfunctions.o(i.arm_q15_to_f64), (60 bytes).
    Removing supportfunctions.o(i.arm_q15_to_float), (40 bytes).
    Removing supportfunctions.o(i.arm_q15_to_q31), (20 bytes).
    Removing supportfunctions.o(i.arm_q15_to_q7), (22 bytes).
    Removing supportfunctions.o(i.arm_q31_to_f64), (56 bytes).
    Removing supportfunctions.o(i.arm_q31_to_float), (36 bytes).
    Removing supportfunctions.o(i.arm_q31_to_q15), (18 bytes).
    Removing supportfunctions.o(i.arm_q31_to_q7), (18 bytes).
    Removing supportfunctions.o(i.arm_q7_to_f64), (60 bytes).
    Removing supportfunctions.o(i.arm_q7_to_float), (40 bytes).
    Removing supportfunctions.o(i.arm_q7_to_q15), (22 bytes).
    Removing supportfunctions.o(i.arm_q7_to_q31), (20 bytes).
    Removing supportfunctions.o(i.arm_quick_sort_core_f32), (178 bytes).
    Removing supportfunctions.o(i.arm_quick_sort_f32), (40 bytes).
    Removing supportfunctions.o(i.arm_selection_sort_f32), (122 bytes).
    Removing supportfunctions.o(i.arm_sort_f32), (58 bytes).
    Removing supportfunctions.o(i.arm_sort_init_f32), (6 bytes).
    Removing supportfunctions.o(i.arm_weighted_sum_f32), (44 bytes).
    Removing supportfunctionsf16.o(.rev16_text), (4 bytes).
    Removing supportfunctionsf16.o(.revsh_text), (4 bytes).
    Removing supportfunctionsf16.o(.rrx_text), (6 bytes).
    Removing transformfunctions.o(.rev16_text), (4 bytes).
    Removing transformfunctions.o(.revsh_text), (4 bytes).
    Removing transformfunctions.o(.rrx_text), (6 bytes).
    Removing transformfunctions.o(i.arm_bitreversal_16), (62 bytes).
    Removing transformfunctions.o(i.arm_bitreversal_32), (62 bytes).
    Removing transformfunctions.o(i.arm_bitreversal_64), (94 bytes).
    Removing transformfunctions.o(i.arm_bitreversal_f32), (168 bytes).
    Removing transformfunctions.o(i.arm_bitreversal_q15), (102 bytes).
    Removing transformfunctions.o(i.arm_bitreversal_q31), (170 bytes).
    Removing transformfunctions.o(i.arm_cfft_f32), (204 bytes).
    Removing transformfunctions.o(i.arm_cfft_f64), (256 bytes).
    Removing transformfunctions.o(i.arm_cfft_init_1024_f32), (32 bytes).
    Removing transformfunctions.o(i.arm_cfft_init_1024_f64), (32 bytes).
    Removing transformfunctions.o(i.arm_cfft_init_1024_q15), (32 bytes).
    Removing transformfunctions.o(i.arm_cfft_init_1024_q31), (32 bytes).
    Removing transformfunctions.o(i.arm_cfft_init_128_f32), (28 bytes).
    Removing transformfunctions.o(i.arm_cfft_init_128_f64), (28 bytes).
    Removing transformfunctions.o(i.arm_cfft_init_128_q15), (28 bytes).
    Removing transformfunctions.o(i.arm_cfft_init_128_q31), (28 bytes).
    Removing transformfunctions.o(i.arm_cfft_init_16_f32), (28 bytes).
    Removing transformfunctions.o(i.arm_cfft_init_16_f64), (28 bytes).
    Removing transformfunctions.o(i.arm_cfft_init_16_q15), (28 bytes).
    Removing transformfunctions.o(i.arm_cfft_init_16_q31), (28 bytes).
    Removing transformfunctions.o(i.arm_cfft_init_2048_f32), (32 bytes).
    Removing transformfunctions.o(i.arm_cfft_init_2048_f64), (32 bytes).
    Removing transformfunctions.o(i.arm_cfft_init_2048_q15), (32 bytes).
    Removing transformfunctions.o(i.arm_cfft_init_2048_q31), (32 bytes).
    Removing transformfunctions.o(i.arm_cfft_init_256_f32), (32 bytes).
    Removing transformfunctions.o(i.arm_cfft_init_256_f64), (32 bytes).
    Removing transformfunctions.o(i.arm_cfft_init_256_q15), (32 bytes).
    Removing transformfunctions.o(i.arm_cfft_init_256_q31), (32 bytes).
    Removing transformfunctions.o(i.arm_cfft_init_32_f32), (28 bytes).
    Removing transformfunctions.o(i.arm_cfft_init_32_f64), (28 bytes).
    Removing transformfunctions.o(i.arm_cfft_init_32_q15), (28 bytes).
    Removing transformfunctions.o(i.arm_cfft_init_32_q31), (28 bytes).
    Removing transformfunctions.o(i.arm_cfft_init_4096_f32), (32 bytes).
    Removing transformfunctions.o(i.arm_cfft_init_4096_f64), (32 bytes).
    Removing transformfunctions.o(i.arm_cfft_init_4096_q15), (32 bytes).
    Removing transformfunctions.o(i.arm_cfft_init_4096_q31), (32 bytes).
    Removing transformfunctions.o(i.arm_cfft_init_512_f32), (32 bytes).
    Removing transformfunctions.o(i.arm_cfft_init_512_f64), (32 bytes).
    Removing transformfunctions.o(i.arm_cfft_init_512_q15), (32 bytes).
    Removing transformfunctions.o(i.arm_cfft_init_512_q31), (32 bytes).
    Removing transformfunctions.o(i.arm_cfft_init_64_f32), (28 bytes).
    Removing transformfunctions.o(i.arm_cfft_init_64_f64), (28 bytes).
    Removing transformfunctions.o(i.arm_cfft_init_64_q15), (28 bytes).
    Removing transformfunctions.o(i.arm_cfft_init_64_q31), (28 bytes).
    Removing transformfunctions.o(i.arm_cfft_init_f32), (92 bytes).
    Removing transformfunctions.o(i.arm_cfft_init_f64), (92 bytes).
    Removing transformfunctions.o(i.arm_cfft_init_q15), (92 bytes).
    Removing transformfunctions.o(i.arm_cfft_init_q31), (92 bytes).
    Removing transformfunctions.o(i.arm_cfft_q15), (172 bytes).
    Removing transformfunctions.o(i.arm_cfft_q31), (172 bytes).
    Removing transformfunctions.o(i.arm_cfft_radix2_f32), (60 bytes).
    Removing transformfunctions.o(i.arm_cfft_radix2_init_f32), (284 bytes).
    Removing transformfunctions.o(i.arm_cfft_radix2_init_q15), (192 bytes).
    Removing transformfunctions.o(i.arm_cfft_radix2_init_q31), (192 bytes).
    Removing transformfunctions.o(i.arm_cfft_radix2_q15), (46 bytes).
    Removing transformfunctions.o(i.arm_cfft_radix2_q31), (46 bytes).
    Removing transformfunctions.o(i.arm_cfft_radix4_f32), (60 bytes).
    Removing transformfunctions.o(i.arm_cfft_radix4_init_f32), (176 bytes).
    Removing transformfunctions.o(i.arm_cfft_radix4_init_q15), (124 bytes).
    Removing transformfunctions.o(i.arm_cfft_radix4_init_q31), (124 bytes).
    Removing transformfunctions.o(i.arm_cfft_radix4_q15), (54 bytes).
    Removing transformfunctions.o(i.arm_cfft_radix4_q31), (54 bytes).
    Removing transformfunctions.o(i.arm_cfft_radix4by2_f64), (286 bytes).
    Removing transformfunctions.o(i.arm_cfft_radix4by2_inverse_q15), (190 bytes).
    Removing transformfunctions.o(i.arm_cfft_radix4by2_inverse_q31), (190 bytes).
    Removing transformfunctions.o(i.arm_cfft_radix4by2_q15), (190 bytes).
    Removing transformfunctions.o(i.arm_cfft_radix4by2_q31), (190 bytes).
    Removing transformfunctions.o(i.arm_cfft_radix8by2_f32), (392 bytes).
    Removing transformfunctions.o(i.arm_cfft_radix8by4_f32), (1068 bytes).
    Removing transformfunctions.o(i.arm_dct4_f32), (196 bytes).
    Removing transformfunctions.o(i.arm_dct4_init_f32), (132 bytes).
    Removing transformfunctions.o(i.arm_dct4_init_q15), (128 bytes).
    Removing transformfunctions.o(i.arm_dct4_init_q31), (128 bytes).
    Removing transformfunctions.o(i.arm_dct4_q15), (180 bytes).
    Removing transformfunctions.o(i.arm_dct4_q31), (170 bytes).
    Removing transformfunctions.o(i.arm_mfcc_f32), (276 bytes).
    Removing transformfunctions.o(i.arm_mfcc_init_1024_f32), (32 bytes).
    Removing transformfunctions.o(i.arm_mfcc_init_1024_q15), (36 bytes).
    Removing transformfunctions.o(i.arm_mfcc_init_1024_q31), (36 bytes).
    Removing transformfunctions.o(i.arm_mfcc_init_128_f32), (32 bytes).
    Removing transformfunctions.o(i.arm_mfcc_init_128_q15), (36 bytes).
    Removing transformfunctions.o(i.arm_mfcc_init_128_q31), (36 bytes).
    Removing transformfunctions.o(i.arm_mfcc_init_2048_f32), (32 bytes).
    Removing transformfunctions.o(i.arm_mfcc_init_2048_q15), (36 bytes).
    Removing transformfunctions.o(i.arm_mfcc_init_2048_q31), (36 bytes).
    Removing transformfunctions.o(i.arm_mfcc_init_256_f32), (32 bytes).
    Removing transformfunctions.o(i.arm_mfcc_init_256_q15), (36 bytes).
    Removing transformfunctions.o(i.arm_mfcc_init_256_q31), (36 bytes).
    Removing transformfunctions.o(i.arm_mfcc_init_32_f32), (32 bytes).
    Removing transformfunctions.o(i.arm_mfcc_init_32_q15), (36 bytes).
    Removing transformfunctions.o(i.arm_mfcc_init_32_q31), (36 bytes).
    Removing transformfunctions.o(i.arm_mfcc_init_4096_f32), (32 bytes).
    Removing transformfunctions.o(i.arm_mfcc_init_4096_q15), (36 bytes).
    Removing transformfunctions.o(i.arm_mfcc_init_4096_q31), (36 bytes).
    Removing transformfunctions.o(i.arm_mfcc_init_512_f32), (32 bytes).
    Removing transformfunctions.o(i.arm_mfcc_init_512_q15), (36 bytes).
    Removing transformfunctions.o(i.arm_mfcc_init_512_q31), (36 bytes).
    Removing transformfunctions.o(i.arm_mfcc_init_64_f32), (32 bytes).
    Removing transformfunctions.o(i.arm_mfcc_init_64_q15), (36 bytes).
    Removing transformfunctions.o(i.arm_mfcc_init_64_q31), (36 bytes).
    Removing transformfunctions.o(i.arm_mfcc_init_f32), (34 bytes).
    Removing transformfunctions.o(i.arm_mfcc_init_q15), (36 bytes).
    Removing transformfunctions.o(i.arm_mfcc_init_q31), (36 bytes).
    Removing transformfunctions.o(i.arm_mfcc_q15), (352 bytes).
    Removing transformfunctions.o(i.arm_mfcc_q31), (320 bytes).
    Removing transformfunctions.o(i.arm_radix2_butterfly_f32), (334 bytes).
    Removing transformfunctions.o(i.arm_radix2_butterfly_inverse_f32), (342 bytes).
    Removing transformfunctions.o(i.arm_radix2_butterfly_inverse_q15), (614 bytes).
    Removing transformfunctions.o(i.arm_radix2_butterfly_inverse_q31), (440 bytes).
    Removing transformfunctions.o(i.arm_radix2_butterfly_q15), (658 bytes).
    Removing transformfunctions.o(i.arm_radix2_butterfly_q31), (432 bytes).
    Removing transformfunctions.o(i.arm_radix4_butterfly_f32), (324 bytes).
    Removing transformfunctions.o(i.arm_radix4_butterfly_f64), (768 bytes).
    Removing transformfunctions.o(i.arm_radix4_butterfly_inverse_f32), (534 bytes).
    Removing transformfunctions.o(i.arm_radix4_butterfly_inverse_q15), (908 bytes).
    Removing transformfunctions.o(i.arm_radix4_butterfly_inverse_q31), (944 bytes).
    Removing transformfunctions.o(i.arm_radix4_butterfly_q15), (908 bytes).
    Removing transformfunctions.o(i.arm_radix4_butterfly_q31), (944 bytes).
    Removing transformfunctions.o(i.arm_radix8_butterfly_f32), (1220 bytes).
    Removing transformfunctions.o(i.arm_rfft_f32), (126 bytes).
    Removing transformfunctions.o(i.arm_rfft_fast_f32), (54 bytes).
    Removing transformfunctions.o(i.arm_rfft_fast_f64), (68 bytes).
    Removing transformfunctions.o(i.arm_rfft_fast_init_1024_f32), (40 bytes).
    Removing transformfunctions.o(i.arm_rfft_fast_init_1024_f64), (52 bytes).
    Removing transformfunctions.o(i.arm_rfft_fast_init_128_f32), (36 bytes).
    Removing transformfunctions.o(i.arm_rfft_fast_init_128_f64), (48 bytes).
    Removing transformfunctions.o(i.arm_rfft_fast_init_2048_f32), (40 bytes).
    Removing transformfunctions.o(i.arm_rfft_fast_init_2048_f64), (52 bytes).
    Removing transformfunctions.o(i.arm_rfft_fast_init_256_f32), (40 bytes).
    Removing transformfunctions.o(i.arm_rfft_fast_init_256_f64), (48 bytes).
    Removing transformfunctions.o(i.arm_rfft_fast_init_32_f32), (36 bytes).
    Removing transformfunctions.o(i.arm_rfft_fast_init_32_f64), (48 bytes).
    Removing transformfunctions.o(i.arm_rfft_fast_init_4096_f32), (40 bytes).
    Removing transformfunctions.o(i.arm_rfft_fast_init_4096_f64), (52 bytes).
    Removing transformfunctions.o(i.arm_rfft_fast_init_512_f32), (40 bytes).
    Removing transformfunctions.o(i.arm_rfft_fast_init_512_f64), (52 bytes).
    Removing transformfunctions.o(i.arm_rfft_fast_init_64_f32), (36 bytes).
    Removing transformfunctions.o(i.arm_rfft_fast_init_64_f64), (48 bytes).
    Removing transformfunctions.o(i.arm_rfft_fast_init_f32), (84 bytes).
    Removing transformfunctions.o(i.arm_rfft_fast_init_f64), (84 bytes).
    Removing transformfunctions.o(i.arm_rfft_init_1024_q15), (44 bytes).
    Removing transformfunctions.o(i.arm_rfft_init_1024_q31), (44 bytes).
    Removing transformfunctions.o(i.arm_rfft_init_128_q15), (40 bytes).
    Removing transformfunctions.o(i.arm_rfft_init_128_q31), (40 bytes).
    Removing transformfunctions.o(i.arm_rfft_init_2048_q15), (44 bytes).
    Removing transformfunctions.o(i.arm_rfft_init_2048_q31), (44 bytes).
    Removing transformfunctions.o(i.arm_rfft_init_256_q15), (44 bytes).
    Removing transformfunctions.o(i.arm_rfft_init_256_q31), (44 bytes).
    Removing transformfunctions.o(i.arm_rfft_init_32_q15), (44 bytes).
    Removing transformfunctions.o(i.arm_rfft_init_32_q31), (44 bytes).
    Removing transformfunctions.o(i.arm_rfft_init_4096_q15), (44 bytes).
    Removing transformfunctions.o(i.arm_rfft_init_4096_q31), (44 bytes).
    Removing transformfunctions.o(i.arm_rfft_init_512_q15), (44 bytes).
    Removing transformfunctions.o(i.arm_rfft_init_512_q31), (44 bytes).
    Removing transformfunctions.o(i.arm_rfft_init_64_q15), (40 bytes).
    Removing transformfunctions.o(i.arm_rfft_init_64_q31), (40 bytes).
    Removing transformfunctions.o(i.arm_rfft_init_8192_q15), (44 bytes).
    Removing transformfunctions.o(i.arm_rfft_init_8192_q31), (44 bytes).
    Removing transformfunctions.o(i.arm_rfft_init_f32), (116 bytes).
    Removing transformfunctions.o(i.arm_rfft_init_q15), (172 bytes).
    Removing transformfunctions.o(i.arm_rfft_init_q31), (172 bytes).
    Removing transformfunctions.o(i.arm_rfft_q15), (100 bytes).
    Removing transformfunctions.o(i.arm_rfft_q31), (100 bytes).
    Removing transformfunctions.o(i.arm_split_rfft_f32), (200 bytes).
    Removing transformfunctions.o(i.arm_split_rfft_q15), (276 bytes).
    Removing transformfunctions.o(i.arm_split_rfft_q31), (226 bytes).
    Removing transformfunctions.o(i.arm_split_rifft_f32), (110 bytes).
    Removing transformfunctions.o(i.arm_split_rifft_q15), (166 bytes).
    Removing transformfunctions.o(i.arm_split_rifft_q31), (100 bytes).
    Removing transformfunctions.o(i.merge_rfft_f32), (160 bytes).
    Removing transformfunctions.o(i.merge_rfft_f64), (332 bytes).
    Removing transformfunctions.o(i.stage_rfft_f32), (164 bytes).
    Removing transformfunctions.o(i.stage_rfft_f64), (360 bytes).
    Removing transformfunctionsf16.o(.rev16_text), (4 bytes).
    Removing transformfunctionsf16.o(.revsh_text), (4 bytes).
    Removing transformfunctionsf16.o(.rrx_text), (6 bytes).
    Removing dadd.o(.text), (334 bytes).
    Removing ddiv.o(.text), (222 bytes).
    Removing dneg.o(.text), (6 bytes).
    Removing dflti.o(.text), (34 bytes).
    Removing ffixl.o(.text), (66 bytes).
    Removing dfixi.o(.text), (62 bytes).
    Removing dfixl.o(.text), (74 bytes).
    Removing f2d.o(.text), (38 bytes).
    Removing cdcmple.o(.text), (48 bytes).
    Removing cdrcmple.o(.text), (48 bytes).
    Removing d2f.o(.text), (56 bytes).
    Removing fepilogue.o(.text), (110 bytes).
    Removing dsqrt.o(.text), (162 bytes).
    Removing fpstat.o(.text), (4 bytes).

1111 unused section(s) (total 1020668 bytes) removed from the image.

==============================================================================

Image Symbol Table

    Local Symbols

    Symbol Name                              Value     Ov Type        Size  Object(Section)

    ../Core/Src/gpio.c                       0x00000000   Number         0  gpio.o ABSOLUTE
    ../Core/Src/main.c                       0x00000000   Number         0  main.o ABSOLUTE
    ../Core/Src/stm32f4xx_hal_msp.c          0x00000000   Number         0  stm32f4xx_hal_msp.o ABSOLUTE
    ../Core/Src/stm32f4xx_it.c               0x00000000   Number         0  stm32f4xx_it.o ABSOLUTE
    ../Core/Src/system_stm32f4xx.c           0x00000000   Number         0  system_stm32f4xx.o ABSOLUTE
    ../Drivers/STM32F4xx_HAL_Driver/Src/stm32f4xx_hal.c 0x00000000   Number         0  stm32f4xx_hal.o ABSOLUTE
    ../Drivers/STM32F4xx_HAL_Driver/Src/stm32f4xx_hal_cortex.c 0x00000000   Number         0  stm32f4xx_hal_cortex.o ABSOLUTE
    ../Drivers/STM32F4xx_HAL_Driver/Src/stm32f4xx_hal_dma.c 0x00000000   Number         0  stm32f4xx_hal_dma.o ABSOLUTE
    ../Drivers/STM32F4xx_HAL_Driver/Src/stm32f4xx_hal_dma_ex.c 0x00000000   Number         0  stm32f4xx_hal_dma_ex.o ABSOLUTE
    ../Drivers/STM32F4xx_HAL_Driver/Src/stm32f4xx_hal_exti.c 0x00000000   Number         0  stm32f4xx_hal_exti.o ABSOLUTE
    ../Drivers/STM32F4xx_HAL_Driver/Src/stm32f4xx_hal_flash.c 0x00000000   Number         0  stm32f4xx_hal_flash.o ABSOLUTE
    ../Drivers/STM32F4xx_HAL_Driver/Src/stm32f4xx_hal_flash_ex.c 0x00000000   Number         0  stm32f4xx_hal_flash_ex.o ABSOLUTE
    ../Drivers/STM32F4xx_HAL_Driver/Src/stm32f4xx_hal_flash_ramfunc.c 0x00000000   Number         0  stm32f4xx_hal_flash_ramfunc.o ABSOLUTE
    ../Drivers/STM32F4xx_HAL_Driver/Src/stm32f4xx_hal_gpio.c 0x00000000   Number         0  stm32f4xx_hal_gpio.o ABSOLUTE
    ../Drivers/STM32F4xx_HAL_Driver/Src/stm32f4xx_hal_pwr.c 0x00000000   Number         0  stm32f4xx_hal_pwr.o ABSOLUTE
    ../Drivers/STM32F4xx_HAL_Driver/Src/stm32f4xx_hal_pwr_ex.c 0x00000000   Number         0  stm32f4xx_hal_pwr_ex.o ABSOLUTE
    ../Drivers/STM32F4xx_HAL_Driver/Src/stm32f4xx_hal_rcc.c 0x00000000   Number         0  stm32f4xx_hal_rcc.o ABSOLUTE
    ../Drivers/STM32F4xx_HAL_Driver/Src/stm32f4xx_hal_rcc_ex.c 0x00000000   Number         0  stm32f4xx_hal_rcc_ex.o ABSOLUTE
    ../clib/microlib/division.c              0x00000000   Number         0  ldiv.o ABSOLUTE
    ../clib/microlib/division.c              0x00000000   Number         0  uldiv.o ABSOLUTE
    ../clib/microlib/errno.c                 0x00000000   Number         0  errno.o ABSOLUTE
    ../clib/microlib/init/entry.s            0x00000000   Number         0  entry2.o ABSOLUTE
    ../clib/microlib/init/entry.s            0x00000000   Number         0  entry9a.o ABSOLUTE
    ../clib/microlib/init/entry.s            0x00000000   Number         0  entry.o ABSOLUTE
    ../clib/microlib/init/entry.s            0x00000000   Number         0  entry10a.o ABSOLUTE
    ../clib/microlib/init/entry.s            0x00000000   Number         0  entry9b.o ABSOLUTE
    ../clib/microlib/init/entry.s            0x00000000   Number         0  entry8b.o ABSOLUTE
    ../clib/microlib/init/entry.s            0x00000000   Number         0  entry10b.o ABSOLUTE
    ../clib/microlib/init/entry.s            0x00000000   Number         0  entry11a.o ABSOLUTE
    ../clib/microlib/init/entry.s            0x00000000   Number         0  entry11b.o ABSOLUTE
    ../clib/microlib/init/entry.s            0x00000000   Number         0  entry7b.o ABSOLUTE
    ../clib/microlib/init/entry.s            0x00000000   Number         0  entry7a.o ABSOLUTE
    ../clib/microlib/init/entry.s            0x00000000   Number         0  entry5.o ABSOLUTE
    ../clib/microlib/init/entry.s            0x00000000   Number         0  entry8a.o ABSOLUTE
    ../clib/microlib/longlong.c              0x00000000   Number         0  llshl.o ABSOLUTE
    ../clib/microlib/longlong.c              0x00000000   Number         0  llsshr.o ABSOLUTE
    ../clib/microlib/longlong.c              0x00000000   Number         0  llushr.o ABSOLUTE
    ../clib/microlib/string/memcpy.c         0x00000000   Number         0  memcpya.o ABSOLUTE
    ../clib/microlib/string/memcpy.c         0x00000000   Number         0  memcpyb.o ABSOLUTE
    ../clib/microlib/string/memset.c         0x00000000   Number         0  memseta.o ABSOLUTE
    ../clib/microlib/stubs.s                 0x00000000   Number         0  iusefp.o ABSOLUTE
    ../fplib/microlib/d2f.c                  0x00000000   Number         0  d2f.o ABSOLUTE
    ../fplib/microlib/f2d.c                  0x00000000   Number         0  f2d.o ABSOLUTE
    ../fplib/microlib/fpadd.c                0x00000000   Number         0  dadd.o ABSOLUTE
    ../fplib/microlib/fpdiv.c                0x00000000   Number         0  ddiv.o ABSOLUTE
    ../fplib/microlib/fpepilogue.c           0x00000000   Number         0  depilogue.o ABSOLUTE
    ../fplib/microlib/fpepilogue.c           0x00000000   Number         0  fepilogue.o ABSOLUTE
    ../fplib/microlib/fpfix.c                0x00000000   Number         0  ffixl.o ABSOLUTE
    ../fplib/microlib/fpfix.c                0x00000000   Number         0  dfixui.o ABSOLUTE
    ../fplib/microlib/fpfix.c                0x00000000   Number         0  dfixl.o ABSOLUTE
    ../fplib/microlib/fpfix.c                0x00000000   Number         0  dfixi.o ABSOLUTE
    ../fplib/microlib/fpflt.c                0x00000000   Number         0  dfltui.o ABSOLUTE
    ../fplib/microlib/fpflt.c                0x00000000   Number         0  dflti.o ABSOLUTE
    ../fplib/microlib/fpmul.c                0x00000000   Number         0  dmul.o ABSOLUTE
    ../fplib/microlib/fpneg.c                0x00000000   Number         0  dneg.o ABSOLUTE
    ../fplib/microlib/fpsqrt.c               0x00000000   Number         0  dsqrt.o ABSOLUTE
    ../fplib/microlib/fpstat.c               0x00000000   Number         0  fpstat.o ABSOLUTE
    ../mathlib/dunder.c                      0x00000000   Number         0  dunder.o ABSOLUTE
    ../mathlib/exp.c                         0x00000000   Number         0  exp_x.o ABSOLUTE
    ../mathlib/exp.c                         0x00000000   Number         0  exp.o ABSOLUTE
    ../mathlib/expf.c                        0x00000000   Number         0  expf_x.o ABSOLUTE
    ../mathlib/expf.c                        0x00000000   Number         0  expf.o ABSOLUTE
    ../mathlib/fabs.c                        0x00000000   Number         0  fabs.o ABSOLUTE
    ../mathlib/fpclassify.c                  0x00000000   Number         0  fpclassify.o ABSOLUTE
    ../mathlib/fpclassifyf.c                 0x00000000   Number         0  fpclassifyf.o ABSOLUTE
    ../mathlib/funder.c                      0x00000000   Number         0  funder.o ABSOLUTE
    ../mathlib/log.c                         0x00000000   Number         0  log.o ABSOLUTE
    ../mathlib/log.c                         0x00000000   Number         0  log_x.o ABSOLUTE
    ../mathlib/logf.c                        0x00000000   Number         0  logf.o ABSOLUTE
    ../mathlib/logf.c                        0x00000000   Number         0  logf_x.o ABSOLUTE
    ../mathlib/poly.c                        0x00000000   Number         0  poly.o ABSOLUTE
    ../mathlib/powf.c                        0x00000000   Number         0  powf.o ABSOLUTE
    ../mathlib/powf.c                        0x00000000   Number         0  powf_x.o ABSOLUTE
    ../mathlib/qnan.c                        0x00000000   Number         0  qnan.o ABSOLUTE
    ../mathlib/sqrt.c                        0x00000000   Number         0  sqrt.o ABSOLUTE
    ../mathlib/sqrt.c                        0x00000000   Number         0  sqrt_x.o ABSOLUTE
    ../mathlib/sqrtf.c                       0x00000000   Number         0  sqrtf.o ABSOLUTE
    ../mathlib/sqrtf.c                       0x00000000   Number         0  sqrtf_x.o ABSOLUTE
    ../mathlib/tanhf.c                       0x00000000   Number         0  tanhf.o ABSOLUTE
    ../mathlib/tanhf.c                       0x00000000   Number         0  tanhf_x.o ABSOLUTE
    ..\Core\Src\gpio.c                       0x00000000   Number         0  gpio.o ABSOLUTE
    ..\Core\Src\main.c                       0x00000000   Number         0  main.o ABSOLUTE
    ..\Core\Src\stm32f4xx_hal_msp.c          0x00000000   Number         0  stm32f4xx_hal_msp.o ABSOLUTE
    ..\Core\Src\stm32f4xx_it.c               0x00000000   Number         0  stm32f4xx_it.o ABSOLUTE
    ..\Core\Src\system_stm32f4xx.c           0x00000000   Number         0  system_stm32f4xx.o ABSOLUTE
    ..\Drivers\STM32F4xx_HAL_Driver\Src\stm32f4xx_hal.c 0x00000000   Number         0  stm32f4xx_hal.o ABSOLUTE
    ..\Drivers\STM32F4xx_HAL_Driver\Src\stm32f4xx_hal_cortex.c 0x00000000   Number         0  stm32f4xx_hal_cortex.o ABSOLUTE
    ..\Drivers\STM32F4xx_HAL_Driver\Src\stm32f4xx_hal_dma.c 0x00000000   Number         0  stm32f4xx_hal_dma.o ABSOLUTE
    ..\Drivers\STM32F4xx_HAL_Driver\Src\stm32f4xx_hal_dma_ex.c 0x00000000   Number         0  stm32f4xx_hal_dma_ex.o ABSOLUTE
    ..\Drivers\STM32F4xx_HAL_Driver\Src\stm32f4xx_hal_exti.c 0x00000000   Number         0  stm32f4xx_hal_exti.o ABSOLUTE
    ..\Drivers\STM32F4xx_HAL_Driver\Src\stm32f4xx_hal_flash.c 0x00000000   Number         0  stm32f4xx_hal_flash.o ABSOLUTE
    ..\Drivers\STM32F4xx_HAL_Driver\Src\stm32f4xx_hal_flash_ex.c 0x00000000   Number         0  stm32f4xx_hal_flash_ex.o ABSOLUTE
    ..\Drivers\STM32F4xx_HAL_Driver\Src\stm32f4xx_hal_flash_ramfunc.c 0x00000000   Number         0  stm32f4xx_hal_flash_ramfunc.o ABSOLUTE
    ..\Drivers\STM32F4xx_HAL_Driver\Src\stm32f4xx_hal_gpio.c 0x00000000   Number         0  stm32f4xx_hal_gpio.o ABSOLUTE
    ..\Drivers\STM32F4xx_HAL_Driver\Src\stm32f4xx_hal_pwr.c 0x00000000   Number         0  stm32f4xx_hal_pwr.o ABSOLUTE
    ..\Drivers\STM32F4xx_HAL_Driver\Src\stm32f4xx_hal_pwr_ex.c 0x00000000   Number         0  stm32f4xx_hal_pwr_ex.o ABSOLUTE
    ..\Drivers\STM32F4xx_HAL_Driver\Src\stm32f4xx_hal_rcc.c 0x00000000   Number         0  stm32f4xx_hal_rcc.o ABSOLUTE
    ..\Drivers\STM32F4xx_HAL_Driver\Src\stm32f4xx_hal_rcc_ex.c 0x00000000   Number         0  stm32f4xx_hal_rcc_ex.o ABSOLUTE
    ..\USER\ad9959.c                         0x00000000   Number         0  ad9959.o ABSOLUTE
    ..\\USER\\ad9959.c                       0x00000000   Number         0  ad9959.o ABSOLUTE
    D:/Program Files/Keil5/ARM/PACK/ARM/CMSIS-DSP/1.15.0/Source/BasicMathFunctions/BasicMathFunctions.c 0x00000000   Number         0  basicmathfunctions.o ABSOLUTE
    D:/Program Files/Keil5/ARM/PACK/ARM/CMSIS-DSP/1.15.0/Source/BasicMathFunctions/BasicMathFunctionsF16.c 0x00000000   Number         0  basicmathfunctionsf16.o ABSOLUTE
    D:/Program Files/Keil5/ARM/PACK/ARM/CMSIS-DSP/1.15.0/Source/BayesFunctions/BayesFunctions.c 0x00000000   Number         0  bayesfunctions.o ABSOLUTE
    D:/Program Files/Keil5/ARM/PACK/ARM/CMSIS-DSP/1.15.0/Source/BayesFunctions/BayesFunctionsF16.c 0x00000000   Number         0  bayesfunctionsf16.o ABSOLUTE
    D:/Program Files/Keil5/ARM/PACK/ARM/CMSIS-DSP/1.15.0/Source/CommonTables/CommonTables.c 0x00000000   Number         0  commontables.o ABSOLUTE
    D:/Program Files/Keil5/ARM/PACK/ARM/CMSIS-DSP/1.15.0/Source/CommonTables/CommonTablesF16.c 0x00000000   Number         0  commontablesf16.o ABSOLUTE
    D:/Program Files/Keil5/ARM/PACK/ARM/CMSIS-DSP/1.15.0/Source/ComplexMathFunctions/ComplexMathFunctions.c 0x00000000   Number         0  complexmathfunctions.o ABSOLUTE
    D:/Program Files/Keil5/ARM/PACK/ARM/CMSIS-DSP/1.15.0/Source/ComplexMathFunctions/ComplexMathFunctionsF16.c 0x00000000   Number         0  complexmathfunctionsf16.o ABSOLUTE
    D:/Program Files/Keil5/ARM/PACK/ARM/CMSIS-DSP/1.15.0/Source/ControllerFunctions/ControllerFunctions.c 0x00000000   Number         0  controllerfunctions.o ABSOLUTE
    D:/Program Files/Keil5/ARM/PACK/ARM/CMSIS-DSP/1.15.0/Source/DistanceFunctions/DistanceFunctions.c 0x00000000   Number         0  distancefunctions.o ABSOLUTE
    D:/Program Files/Keil5/ARM/PACK/ARM/CMSIS-DSP/1.15.0/Source/DistanceFunctions/DistanceFunctionsF16.c 0x00000000   Number         0  distancefunctionsf16.o ABSOLUTE
    D:/Program Files/Keil5/ARM/PACK/ARM/CMSIS-DSP/1.15.0/Source/FastMathFunctions/FastMathFunctions.c 0x00000000   Number         0  fastmathfunctions.o ABSOLUTE
    D:/Program Files/Keil5/ARM/PACK/ARM/CMSIS-DSP/1.15.0/Source/FastMathFunctions/FastMathFunctionsF16.c 0x00000000   Number         0  fastmathfunctionsf16.o ABSOLUTE
    D:/Program Files/Keil5/ARM/PACK/ARM/CMSIS-DSP/1.15.0/Source/FilteringFunctions/FilteringFunctions.c 0x00000000   Number         0  filteringfunctions.o ABSOLUTE
    D:/Program Files/Keil5/ARM/PACK/ARM/CMSIS-DSP/1.15.0/Source/FilteringFunctions/FilteringFunctionsF16.c 0x00000000   Number         0  filteringfunctionsf16.o ABSOLUTE
    D:/Program Files/Keil5/ARM/PACK/ARM/CMSIS-DSP/1.15.0/Source/InterpolationFunctions/InterpolationFunctions.c 0x00000000   Number         0  interpolationfunctions.o ABSOLUTE
    D:/Program Files/Keil5/ARM/PACK/ARM/CMSIS-DSP/1.15.0/Source/InterpolationFunctions/InterpolationFunctionsF16.c 0x00000000   Number         0  interpolationfunctionsf16.o ABSOLUTE
    D:/Program Files/Keil5/ARM/PACK/ARM/CMSIS-DSP/1.15.0/Source/MatrixFunctions/MatrixFunctions.c 0x00000000   Number         0  matrixfunctions.o ABSOLUTE
    D:/Program Files/Keil5/ARM/PACK/ARM/CMSIS-DSP/1.15.0/Source/MatrixFunctions/MatrixFunctionsF16.c 0x00000000   Number         0  matrixfunctionsf16.o ABSOLUTE
    D:/Program Files/Keil5/ARM/PACK/ARM/CMSIS-DSP/1.15.0/Source/QuaternionMathFunctions/QuaternionMathFunctions.c 0x00000000   Number         0  quaternionmathfunctions.o ABSOLUTE
    D:/Program Files/Keil5/ARM/PACK/ARM/CMSIS-DSP/1.15.0/Source/SVMFunctions/SVMFunctions.c 0x00000000   Number         0  svmfunctions.o ABSOLUTE
    D:/Program Files/Keil5/ARM/PACK/ARM/CMSIS-DSP/1.15.0/Source/SVMFunctions/SVMFunctionsF16.c 0x00000000   Number         0  svmfunctionsf16.o ABSOLUTE
    D:/Program Files/Keil5/ARM/PACK/ARM/CMSIS-DSP/1.15.0/Source/StatisticsFunctions/StatisticsFunctions.c 0x00000000   Number         0  statisticsfunctions.o ABSOLUTE
    D:/Program Files/Keil5/ARM/PACK/ARM/CMSIS-DSP/1.15.0/Source/StatisticsFunctions/StatisticsFunctionsF16.c 0x00000000   Number         0  statisticsfunctionsf16.o ABSOLUTE
    D:/Program Files/Keil5/ARM/PACK/ARM/CMSIS-DSP/1.15.0/Source/SupportFunctions/SupportFunctions.c 0x00000000   Number         0  supportfunctions.o ABSOLUTE
    D:/Program Files/Keil5/ARM/PACK/ARM/CMSIS-DSP/1.15.0/Source/SupportFunctions/SupportFunctionsF16.c 0x00000000   Number         0  supportfunctionsf16.o ABSOLUTE
    D:/Program Files/Keil5/ARM/PACK/ARM/CMSIS-DSP/1.15.0/Source/TransformFunctions/TransformFunctions.c 0x00000000   Number         0  transformfunctions.o ABSOLUTE
    D:/Program Files/Keil5/ARM/PACK/ARM/CMSIS-DSP/1.15.0/Source/TransformFunctions/TransformFunctionsF16.c 0x00000000   Number         0  transformfunctionsf16.o ABSOLUTE
    D:\Program Files\Keil5\ARM\PACK\ARM\CMSIS-DSP\1.15.0\Source\BasicMathFunctions\BasicMathFunctions.c 0x00000000   Number         0  basicmathfunctions.o ABSOLUTE
    D:\Program Files\Keil5\ARM\PACK\ARM\CMSIS-DSP\1.15.0\Source\BasicMathFunctions\BasicMathFunctionsF16.c 0x00000000   Number         0  basicmathfunctionsf16.o ABSOLUTE
    D:\Program Files\Keil5\ARM\PACK\ARM\CMSIS-DSP\1.15.0\Source\BayesFunctions\BayesFunctions.c 0x00000000   Number         0  bayesfunctions.o ABSOLUTE
    D:\Program Files\Keil5\ARM\PACK\ARM\CMSIS-DSP\1.15.0\Source\BayesFunctions\BayesFunctionsF16.c 0x00000000   Number         0  bayesfunctionsf16.o ABSOLUTE
    D:\Program Files\Keil5\ARM\PACK\ARM\CMSIS-DSP\1.15.0\Source\CommonTables\CommonTables.c 0x00000000   Number         0  commontables.o ABSOLUTE
    D:\Program Files\Keil5\ARM\PACK\ARM\CMSIS-DSP\1.15.0\Source\CommonTables\CommonTablesF16.c 0x00000000   Number         0  commontablesf16.o ABSOLUTE
    D:\Program Files\Keil5\ARM\PACK\ARM\CMSIS-DSP\1.15.0\Source\ComplexMathFunctions\ComplexMathFunctions.c 0x00000000   Number         0  complexmathfunctions.o ABSOLUTE
    D:\Program Files\Keil5\ARM\PACK\ARM\CMSIS-DSP\1.15.0\Source\ComplexMathFunctions\ComplexMathFunctionsF16.c 0x00000000   Number         0  complexmathfunctionsf16.o ABSOLUTE
    D:\Program Files\Keil5\ARM\PACK\ARM\CMSIS-DSP\1.15.0\Source\ControllerFunctions\ControllerFunctions.c 0x00000000   Number         0  controllerfunctions.o ABSOLUTE
    D:\Program Files\Keil5\ARM\PACK\ARM\CMSIS-DSP\1.15.0\Source\DistanceFunctions\DistanceFunctions.c 0x00000000   Number         0  distancefunctions.o ABSOLUTE
    D:\Program Files\Keil5\ARM\PACK\ARM\CMSIS-DSP\1.15.0\Source\DistanceFunctions\DistanceFunctionsF16.c 0x00000000   Number         0  distancefunctionsf16.o ABSOLUTE
    D:\Program Files\Keil5\ARM\PACK\ARM\CMSIS-DSP\1.15.0\Source\FastMathFunctions\FastMathFunctions.c 0x00000000   Number         0  fastmathfunctions.o ABSOLUTE
    D:\Program Files\Keil5\ARM\PACK\ARM\CMSIS-DSP\1.15.0\Source\FastMathFunctions\FastMathFunctionsF16.c 0x00000000   Number         0  fastmathfunctionsf16.o ABSOLUTE
    D:\Program Files\Keil5\ARM\PACK\ARM\CMSIS-DSP\1.15.0\Source\FilteringFunctions\FilteringFunctions.c 0x00000000   Number         0  filteringfunctions.o ABSOLUTE
    D:\Program Files\Keil5\ARM\PACK\ARM\CMSIS-DSP\1.15.0\Source\FilteringFunctions\FilteringFunctionsF16.c 0x00000000   Number         0  filteringfunctionsf16.o ABSOLUTE
    D:\Program Files\Keil5\ARM\PACK\ARM\CMSIS-DSP\1.15.0\Source\InterpolationFunctions\InterpolationFunctions.c 0x00000000   Number         0  interpolationfunctions.o ABSOLUTE
    D:\Program Files\Keil5\ARM\PACK\ARM\CMSIS-DSP\1.15.0\Source\InterpolationFunctions\InterpolationFunctionsF16.c 0x00000000   Number         0  interpolationfunctionsf16.o ABSOLUTE
    D:\Program Files\Keil5\ARM\PACK\ARM\CMSIS-DSP\1.15.0\Source\MatrixFunctions\MatrixFunctions.c 0x00000000   Number         0  matrixfunctions.o ABSOLUTE
    D:\Program Files\Keil5\ARM\PACK\ARM\CMSIS-DSP\1.15.0\Source\MatrixFunctions\MatrixFunctionsF16.c 0x00000000   Number         0  matrixfunctionsf16.o ABSOLUTE
    D:\Program Files\Keil5\ARM\PACK\ARM\CMSIS-DSP\1.15.0\Source\QuaternionMathFunctions\QuaternionMathFunctions.c 0x00000000   Number         0  quaternionmathfunctions.o ABSOLUTE
    D:\Program Files\Keil5\ARM\PACK\ARM\CMSIS-DSP\1.15.0\Source\SVMFunctions\SVMFunctions.c 0x00000000   Number         0  svmfunctions.o ABSOLUTE
    D:\Program Files\Keil5\ARM\PACK\ARM\CMSIS-DSP\1.15.0\Source\SVMFunctions\SVMFunctionsF16.c 0x00000000   Number         0  svmfunctionsf16.o ABSOLUTE
    D:\Program Files\Keil5\ARM\PACK\ARM\CMSIS-DSP\1.15.0\Source\StatisticsFunctions\StatisticsFunctions.c 0x00000000   Number         0  statisticsfunctions.o ABSOLUTE
    D:\Program Files\Keil5\ARM\PACK\ARM\CMSIS-DSP\1.15.0\Source\StatisticsFunctions\StatisticsFunctionsF16.c 0x00000000   Number         0  statisticsfunctionsf16.o ABSOLUTE
    D:\Program Files\Keil5\ARM\PACK\ARM\CMSIS-DSP\1.15.0\Source\SupportFunctions\SupportFunctions.c 0x00000000   Number         0  supportfunctions.o ABSOLUTE
    D:\Program Files\Keil5\ARM\PACK\ARM\CMSIS-DSP\1.15.0\Source\SupportFunctions\SupportFunctionsF16.c 0x00000000   Number         0  supportfunctionsf16.o ABSOLUTE
    D:\Program Files\Keil5\ARM\PACK\ARM\CMSIS-DSP\1.15.0\Source\TransformFunctions\TransformFunctions.c 0x00000000   Number         0  transformfunctions.o ABSOLUTE
    D:\Program Files\Keil5\ARM\PACK\ARM\CMSIS-DSP\1.15.0\Source\TransformFunctions\TransformFunctionsF16.c 0x00000000   Number         0  transformfunctionsf16.o ABSOLUTE
    cdcmple.s                                0x00000000   Number         0  cdcmple.o ABSOLUTE
    cdrcmple.s                               0x00000000   Number         0  cdrcmple.o ABSOLUTE
    dc.s                                     0x00000000   Number         0  dc.o ABSOLUTE
    handlers.s                               0x00000000   Number         0  handlers.o ABSOLUTE
    init.s                                   0x00000000   Number         0  init.o ABSOLUTE
    startup_stm32f407xx.s                    0x00000000   Number         0  startup_stm32f407xx.o ABSOLUTE
    RESET                                    0x08000000   Section      392  startup_stm32f407xx.o(RESET)
    .ARM.Collect$$$$00000000                 0x08000188   Section        0  entry.o(.ARM.Collect$$$$00000000)
    .ARM.Collect$$$$00000001                 0x08000188   Section        4  entry2.o(.ARM.Collect$$$$00000001)
    .ARM.Collect$$$$00000004                 0x0800018c   Section        4  entry5.o(.ARM.Collect$$$$00000004)
    .ARM.Collect$$$$00000008                 0x08000190   Section        0  entry7b.o(.ARM.Collect$$$$00000008)
    .ARM.Collect$$$$0000000A                 0x08000190   Section        0  entry8b.o(.ARM.Collect$$$$0000000A)
    .ARM.Collect$$$$0000000B                 0x08000190   Section        8  entry9a.o(.ARM.Collect$$$$0000000B)
    .ARM.Collect$$$$0000000D                 0x08000198   Section        0  entry10a.o(.ARM.Collect$$$$0000000D)
    .ARM.Collect$$$$0000000F                 0x08000198   Section        0  entry11a.o(.ARM.Collect$$$$0000000F)
    .ARM.Collect$$$$00002712                 0x08000198   Section        4  entry2.o(.ARM.Collect$$$$00002712)
    __lit__00000000                          0x08000198   Data           4  entry2.o(.ARM.Collect$$$$00002712)
    .text                                    0x0800019c   Section       36  startup_stm32f407xx.o(.text)
    $v0                                      0x0800019c   Number         0  startup_stm32f407xx.o(.text)
    .text                                    0x080001c0   Section        0  uldiv.o(.text)
    .text                                    0x08000222   Section        0  llshl.o(.text)
    .text                                    0x08000240   Section        0  memseta.o(.text)
    .text                                    0x08000264   Section        0  dmul.o(.text)
    .text                                    0x08000348   Section        0  dfltui.o(.text)
    .text                                    0x08000362   Section        0  dfixui.o(.text)
    .text                                    0x08000394   Section        0  llushr.o(.text)
    .text                                    0x080003b4   Section        0  depilogue.o(.text)
    .text                                    0x080003b4   Section        0  iusefp.o(.text)
    .text                                    0x08000470   Section       36  init.o(.text)
    i.AD9959_IO_Update                       0x08000494   Section        0  ad9959.o(i.AD9959_IO_Update)
    i.Amp2Word                               0x080004c0   Section        0  ad9959.o(i.Amp2Word)
    i.BusFault_Handler                       0x080004d0   Section        0  stm32f4xx_it.o(i.BusFault_Handler)
    i.Channel_Select                         0x080004d4   Section        0  ad9959.o(i.Channel_Select)
    i.DebugMon_Handler                       0x080004ec   Section        0  stm32f4xx_it.o(i.DebugMon_Handler)
    i.Freq2Word                              0x080004f0   Section        0  ad9959.o(i.Freq2Word)
    i.HAL_GPIO_Init                          0x08000528   Section        0  stm32f4xx_hal_gpio.o(i.HAL_GPIO_Init)
    i.HAL_GPIO_ReadPin                       0x08000718   Section        0  stm32f4xx_hal_gpio.o(i.HAL_GPIO_ReadPin)
    i.HAL_GPIO_WritePin                      0x08000722   Section        0  stm32f4xx_hal_gpio.o(i.HAL_GPIO_WritePin)
    i.HAL_GetTick                            0x0800072c   Section        0  stm32f4xx_hal.o(i.HAL_GetTick)
    i.HAL_IncTick                            0x08000738   Section        0  stm32f4xx_hal.o(i.HAL_IncTick)
    i.HAL_Init                               0x08000748   Section        0  stm32f4xx_hal.o(i.HAL_Init)
    i.HAL_InitTick                           0x0800077c   Section        0  stm32f4xx_hal.o(i.HAL_InitTick)
    i.HAL_MspInit                            0x080007bc   Section        0  stm32f4xx_hal_msp.o(i.HAL_MspInit)
    i.HAL_NVIC_SetPriority                   0x080007ec   Section        0  stm32f4xx_hal_cortex.o(i.HAL_NVIC_SetPriority)
    i.HAL_NVIC_SetPriorityGrouping           0x0800082c   Section        0  stm32f4xx_hal_cortex.o(i.HAL_NVIC_SetPriorityGrouping)
    i.HAL_RCC_ClockConfig                    0x08000850   Section        0  stm32f4xx_hal_rcc.o(i.HAL_RCC_ClockConfig)
    i.HAL_RCC_GetSysClockFreq                0x08000984   Section        0  stm32f4xx_hal_rcc.o(i.HAL_RCC_GetSysClockFreq)
    i.HAL_RCC_OscConfig                      0x080009e4   Section        0  stm32f4xx_hal_rcc.o(i.HAL_RCC_OscConfig)
    i.HAL_SYSTICK_Config                     0x08000d50   Section        0  stm32f4xx_hal_cortex.o(i.HAL_SYSTICK_Config)
    i.HardFault_Handler                      0x08000d78   Section        0  stm32f4xx_it.o(i.HardFault_Handler)
    i.InitIO_9959                            0x08000d7c   Section        0  ad9959.o(i.InitIO_9959)
    i.InitReset                              0x08000e44   Section        0  ad9959.o(i.InitReset)
    i.Init_AD9959                            0x08000e80   Section        0  ad9959.o(i.Init_AD9959)
    i.MX_GPIO_Init                           0x08000f34   Section        0  gpio.o(i.MX_GPIO_Init)
    i.MemManage_Handler                      0x08000fe0   Section        0  stm32f4xx_it.o(i.MemManage_Handler)
    i.NMI_Handler                            0x08000fe2   Section        0  stm32f4xx_it.o(i.NMI_Handler)
    i.PendSV_Handler                         0x08000fe4   Section        0  stm32f4xx_it.o(i.PendSV_Handler)
    i.Phase2Word                             0x08000fe8   Section        0  ad9959.o(i.Phase2Word)
    i.ReadData_AD9959                        0x08001010   Section        0  ad9959.o(i.ReadData_AD9959)
    i.SVC_Handler                            0x08001154   Section        0  stm32f4xx_it.o(i.SVC_Handler)
    i.Sweep_Frequency                        0x08001158   Section        0  ad9959.o(i.Sweep_Frequency)
    i.SysTick_Handler                        0x08001388   Section        0  stm32f4xx_it.o(i.SysTick_Handler)
    i.SystemClock_Config                     0x0800138c   Section        0  main.o(i.SystemClock_Config)
    i.SystemInit                             0x08001420   Section        0  system_stm32f4xx.o(i.SystemInit)
    i.UsageFault_Handler                     0x08001430   Section        0  stm32f4xx_it.o(i.UsageFault_Handler)
    i.WriteData_AD9959                       0x08001434   Section        0  ad9959.o(i.WriteData_AD9959)
    i.Write_Amplitude                        0x0800152c   Section        0  ad9959.o(i.Write_Amplitude)
    i.Write_Frequence                        0x08001558   Section        0  ad9959.o(i.Write_Frequence)
    i.Write_Phase                            0x08001594   Section        0  ad9959.o(i.Write_Phase)
    i.__NVIC_SetPriority                     0x080015c0   Section        0  stm32f4xx_hal_cortex.o(i.__NVIC_SetPriority)
    __NVIC_SetPriority                       0x080015c1   Thumb Code    32  stm32f4xx_hal_cortex.o(i.__NVIC_SetPriority)
    i.__scatterload_copy                     0x080015e0   Section       14  handlers.o(i.__scatterload_copy)
    i.__scatterload_null                     0x080015ee   Section        2  handlers.o(i.__scatterload_null)
    i.__scatterload_zeroinit                 0x080015f0   Section       14  handlers.o(i.__scatterload_zeroinit)
    i.delay_9959                             0x080015fe   Section        0  ad9959.o(i.delay_9959)
    i.main                                   0x0800160c   Section        0  main.o(i.main)
    .constdata                               0x08001648   Section       16  system_stm32f4xx.o(.constdata)
    .data                                    0x20000000   Section       12  stm32f4xx_hal.o(.data)
    .data                                    0x2000000c   Section        4  system_stm32f4xx.o(.data)
    .data                                    0x20000010   Section      140  ad9959.o(.data)
    .bss                                     0x2000009c   Section       16  ad9959.o(.bss)
    STACK                                    0x200000b0   Section     1024  startup_stm32f407xx.o(STACK)

    Global Symbols

    Symbol Name                              Value     Ov Type        Size  Object(Section)

    BuildAttributes$$THM_ISAv4$E$P$D$K$B$S$7EM$VFPi3$EXTD16$VFPS$VFMA$PE$A:L22UL41UL21$X:L11$S22US41US21$IEEE1$IW$USESV6$~STKCKD$USESV7$~SHL$OTIME$ROPI$IEEEX$EBA8$MICROLIB$REQ8$PRES8$EABIv2 0x00000000   Number         0  anon$$obj.o ABSOLUTE
    __ARM_use_no_argv                        0x00000000   Number         0  main.o ABSOLUTE
    __cpp_initialize__aeabi_                  - Undefined Weak Reference
    __cxa_finalize                            - Undefined Weak Reference
    __decompress                              - Undefined Weak Reference
    _clock_init                               - Undefined Weak Reference
    _microlib_exit                            - Undefined Weak Reference
    __Vectors_Size                           0x00000188   Number         0  startup_stm32f407xx.o ABSOLUTE
    __Vectors                                0x08000000   Data           4  startup_stm32f407xx.o(RESET)
    __Vectors_End                            0x08000188   Data           0  startup_stm32f407xx.o(RESET)
    __main                                   0x08000189   Thumb Code     0  entry.o(.ARM.Collect$$$$00000000)
    _main_stk                                0x08000189   Thumb Code     0  entry2.o(.ARM.Collect$$$$00000001)
    _main_scatterload                        0x0800018d   Thumb Code     0  entry5.o(.ARM.Collect$$$$00000004)
    __main_after_scatterload                 0x08000191   Thumb Code     0  entry5.o(.ARM.Collect$$$$00000004)
    _main_clock                              0x08000191   Thumb Code     0  entry7b.o(.ARM.Collect$$$$00000008)
    _main_cpp_init                           0x08000191   Thumb Code     0  entry8b.o(.ARM.Collect$$$$0000000A)
    _main_init                               0x08000191   Thumb Code     0  entry9a.o(.ARM.Collect$$$$0000000B)
    __rt_final_cpp                           0x08000199   Thumb Code     0  entry10a.o(.ARM.Collect$$$$0000000D)
    __rt_final_exit                          0x08000199   Thumb Code     0  entry11a.o(.ARM.Collect$$$$0000000F)
    Reset_Handler                            0x0800019d   Thumb Code     8  startup_stm32f407xx.o(.text)
    ADC_IRQHandler                           0x080001b7   Thumb Code     0  startup_stm32f407xx.o(.text)
    CAN1_RX0_IRQHandler                      0x080001b7   Thumb Code     0  startup_stm32f407xx.o(.text)
    CAN1_RX1_IRQHandler                      0x080001b7   Thumb Code     0  startup_stm32f407xx.o(.text)
    CAN1_SCE_IRQHandler                      0x080001b7   Thumb Code     0  startup_stm32f407xx.o(.text)
    CAN1_TX_IRQHandler                       0x080001b7   Thumb Code     0  startup_stm32f407xx.o(.text)
    CAN2_RX0_IRQHandler                      0x080001b7   Thumb Code     0  startup_stm32f407xx.o(.text)
    CAN2_RX1_IRQHandler                      0x080001b7   Thumb Code     0  startup_stm32f407xx.o(.text)
    CAN2_SCE_IRQHandler                      0x080001b7   Thumb Code     0  startup_stm32f407xx.o(.text)
    CAN2_TX_IRQHandler                       0x080001b7   Thumb Code     0  startup_stm32f407xx.o(.text)
    DCMI_IRQHandler                          0x080001b7   Thumb Code     0  startup_stm32f407xx.o(.text)
    DMA1_Stream0_IRQHandler                  0x080001b7   Thumb Code     0  startup_stm32f407xx.o(.text)
    DMA1_Stream1_IRQHandler                  0x080001b7   Thumb Code     0  startup_stm32f407xx.o(.text)
    DMA1_Stream2_IRQHandler                  0x080001b7   Thumb Code     0  startup_stm32f407xx.o(.text)
    DMA1_Stream3_IRQHandler                  0x080001b7   Thumb Code     0  startup_stm32f407xx.o(.text)
    DMA1_Stream4_IRQHandler                  0x080001b7   Thumb Code     0  startup_stm32f407xx.o(.text)
    DMA1_Stream5_IRQHandler                  0x080001b7   Thumb Code     0  startup_stm32f407xx.o(.text)
    DMA1_Stream6_IRQHandler                  0x080001b7   Thumb Code     0  startup_stm32f407xx.o(.text)
    DMA1_Stream7_IRQHandler                  0x080001b7   Thumb Code     0  startup_stm32f407xx.o(.text)
    DMA2_Stream0_IRQHandler                  0x080001b7   Thumb Code     0  startup_stm32f407xx.o(.text)
    DMA2_Stream1_IRQHandler                  0x080001b7   Thumb Code     0  startup_stm32f407xx.o(.text)
    DMA2_Stream2_IRQHandler                  0x080001b7   Thumb Code     0  startup_stm32f407xx.o(.text)
    DMA2_Stream3_IRQHandler                  0x080001b7   Thumb Code     0  startup_stm32f407xx.o(.text)
    DMA2_Stream4_IRQHandler                  0x080001b7   Thumb Code     0  startup_stm32f407xx.o(.text)
    DMA2_Stream5_IRQHandler                  0x080001b7   Thumb Code     0  startup_stm32f407xx.o(.text)
    DMA2_Stream6_IRQHandler                  0x080001b7   Thumb Code     0  startup_stm32f407xx.o(.text)
    DMA2_Stream7_IRQHandler                  0x080001b7   Thumb Code     0  startup_stm32f407xx.o(.text)
    ETH_IRQHandler                           0x080001b7   Thumb Code     0  startup_stm32f407xx.o(.text)
    ETH_WKUP_IRQHandler                      0x080001b7   Thumb Code     0  startup_stm32f407xx.o(.text)
    EXTI0_IRQHandler                         0x080001b7   Thumb Code     0  startup_stm32f407xx.o(.text)
    EXTI15_10_IRQHandler                     0x080001b7   Thumb Code     0  startup_stm32f407xx.o(.text)
    EXTI1_IRQHandler                         0x080001b7   Thumb Code     0  startup_stm32f407xx.o(.text)
    EXTI2_IRQHandler                         0x080001b7   Thumb Code     0  startup_stm32f407xx.o(.text)
    EXTI3_IRQHandler                         0x080001b7   Thumb Code     0  startup_stm32f407xx.o(.text)
    EXTI4_IRQHandler                         0x080001b7   Thumb Code     0  startup_stm32f407xx.o(.text)
    EXTI9_5_IRQHandler                       0x080001b7   Thumb Code     0  startup_stm32f407xx.o(.text)
    FLASH_IRQHandler                         0x080001b7   Thumb Code     0  startup_stm32f407xx.o(.text)
    FMC_IRQHandler                           0x080001b7   Thumb Code     0  startup_stm32f407xx.o(.text)
    FPU_IRQHandler                           0x080001b7   Thumb Code     0  startup_stm32f407xx.o(.text)
    HASH_RNG_IRQHandler                      0x080001b7   Thumb Code     0  startup_stm32f407xx.o(.text)
    I2C1_ER_IRQHandler                       0x080001b7   Thumb Code     0  startup_stm32f407xx.o(.text)
    I2C1_EV_IRQHandler                       0x080001b7   Thumb Code     0  startup_stm32f407xx.o(.text)
    I2C2_ER_IRQHandler                       0x080001b7   Thumb Code     0  startup_stm32f407xx.o(.text)
    I2C2_EV_IRQHandler                       0x080001b7   Thumb Code     0  startup_stm32f407xx.o(.text)
    I2C3_ER_IRQHandler                       0x080001b7   Thumb Code     0  startup_stm32f407xx.o(.text)
    I2C3_EV_IRQHandler                       0x080001b7   Thumb Code     0  startup_stm32f407xx.o(.text)
    OTG_FS_IRQHandler                        0x080001b7   Thumb Code     0  startup_stm32f407xx.o(.text)
    OTG_FS_WKUP_IRQHandler                   0x080001b7   Thumb Code     0  startup_stm32f407xx.o(.text)
    OTG_HS_EP1_IN_IRQHandler                 0x080001b7   Thumb Code     0  startup_stm32f407xx.o(.text)
    OTG_HS_EP1_OUT_IRQHandler                0x080001b7   Thumb Code     0  startup_stm32f407xx.o(.text)
    OTG_HS_IRQHandler                        0x080001b7   Thumb Code     0  startup_stm32f407xx.o(.text)
    OTG_HS_WKUP_IRQHandler                   0x080001b7   Thumb Code     0  startup_stm32f407xx.o(.text)
    PVD_IRQHandler                           0x080001b7   Thumb Code     0  startup_stm32f407xx.o(.text)
    RCC_IRQHandler                           0x080001b7   Thumb Code     0  startup_stm32f407xx.o(.text)
    RTC_Alarm_IRQHandler                     0x080001b7   Thumb Code     0  startup_stm32f407xx.o(.text)
    RTC_WKUP_IRQHandler                      0x080001b7   Thumb Code     0  startup_stm32f407xx.o(.text)
    SDIO_IRQHandler                          0x080001b7   Thumb Code     0  startup_stm32f407xx.o(.text)
    SPI1_IRQHandler                          0x080001b7   Thumb Code     0  startup_stm32f407xx.o(.text)
    SPI2_IRQHandler                          0x080001b7   Thumb Code     0  startup_stm32f407xx.o(.text)
    SPI3_IRQHandler                          0x080001b7   Thumb Code     0  startup_stm32f407xx.o(.text)
    TAMP_STAMP_IRQHandler                    0x080001b7   Thumb Code     0  startup_stm32f407xx.o(.text)
    TIM1_BRK_TIM9_IRQHandler                 0x080001b7   Thumb Code     0  startup_stm32f407xx.o(.text)
    TIM1_CC_IRQHandler                       0x080001b7   Thumb Code     0  startup_stm32f407xx.o(.text)
    TIM1_TRG_COM_TIM11_IRQHandler            0x080001b7   Thumb Code     0  startup_stm32f407xx.o(.text)
    TIM1_UP_TIM10_IRQHandler                 0x080001b7   Thumb Code     0  startup_stm32f407xx.o(.text)
    TIM2_IRQHandler                          0x080001b7   Thumb Code     0  startup_stm32f407xx.o(.text)
    TIM3_IRQHandler                          0x080001b7   Thumb Code     0  startup_stm32f407xx.o(.text)
    TIM4_IRQHandler                          0x080001b7   Thumb Code     0  startup_stm32f407xx.o(.text)
    TIM5_IRQHandler                          0x080001b7   Thumb Code     0  startup_stm32f407xx.o(.text)
    TIM6_DAC_IRQHandler                      0x080001b7   Thumb Code     0  startup_stm32f407xx.o(.text)
    TIM7_IRQHandler                          0x080001b7   Thumb Code     0  startup_stm32f407xx.o(.text)
    TIM8_BRK_TIM12_IRQHandler                0x080001b7   Thumb Code     0  startup_stm32f407xx.o(.text)
    TIM8_CC_IRQHandler                       0x080001b7   Thumb Code     0  startup_stm32f407xx.o(.text)
    TIM8_TRG_COM_TIM14_IRQHandler            0x080001b7   Thumb Code     0  startup_stm32f407xx.o(.text)
    TIM8_UP_TIM13_IRQHandler                 0x080001b7   Thumb Code     0  startup_stm32f407xx.o(.text)
    UART4_IRQHandler                         0x080001b7   Thumb Code     0  startup_stm32f407xx.o(.text)
    UART5_IRQHandler                         0x080001b7   Thumb Code     0  startup_stm32f407xx.o(.text)
    USART1_IRQHandler                        0x080001b7   Thumb Code     0  startup_stm32f407xx.o(.text)
    USART2_IRQHandler                        0x080001b7   Thumb Code     0  startup_stm32f407xx.o(.text)
    USART3_IRQHandler                        0x080001b7   Thumb Code     0  startup_stm32f407xx.o(.text)
    USART6_IRQHandler                        0x080001b7   Thumb Code     0  startup_stm32f407xx.o(.text)
    WWDG_IRQHandler                          0x080001b7   Thumb Code     0  startup_stm32f407xx.o(.text)
    __aeabi_uldivmod                         0x080001c1   Thumb Code    98  uldiv.o(.text)
    __aeabi_llsl                             0x08000223   Thumb Code    30  llshl.o(.text)
    _ll_shift_l                              0x08000223   Thumb Code     0  llshl.o(.text)
    __aeabi_memset                           0x08000241   Thumb Code    14  memseta.o(.text)
    __aeabi_memset4                          0x08000241   Thumb Code     0  memseta.o(.text)
    __aeabi_memset8                          0x08000241   Thumb Code     0  memseta.o(.text)
    __aeabi_memclr                           0x0800024f   Thumb Code     4  memseta.o(.text)
    __aeabi_memclr4                          0x0800024f   Thumb Code     0  memseta.o(.text)
    __aeabi_memclr8                          0x0800024f   Thumb Code     0  memseta.o(.text)
    _memset$wrapper                          0x08000253   Thumb Code    18  memseta.o(.text)
    __aeabi_dmul                             0x08000265   Thumb Code   228  dmul.o(.text)
    __aeabi_ui2d                             0x08000349   Thumb Code    26  dfltui.o(.text)
    __aeabi_d2uiz                            0x08000363   Thumb Code    50  dfixui.o(.text)
    __aeabi_llsr                             0x08000395   Thumb Code    32  llushr.o(.text)
    _ll_ushift_r                             0x08000395   Thumb Code     0  llushr.o(.text)
    __I$use$fp                               0x080003b5   Thumb Code     0  iusefp.o(.text)
    _double_round                            0x080003b5   Thumb Code    30  depilogue.o(.text)
    _double_epilogue                         0x080003d3   Thumb Code   156  depilogue.o(.text)
    __scatterload                            0x08000471   Thumb Code    28  init.o(.text)
    __scatterload_rt2                        0x08000471   Thumb Code     0  init.o(.text)
    AD9959_IO_Update                         0x08000495   Thumb Code    38  ad9959.o(i.AD9959_IO_Update)
    Amp2Word                                 0x080004c1   Thumb Code    16  ad9959.o(i.Amp2Word)
    BusFault_Handler                         0x080004d1   Thumb Code     2  stm32f4xx_it.o(i.BusFault_Handler)
    Channel_Select                           0x080004d5   Thumb Code    18  ad9959.o(i.Channel_Select)
    DebugMon_Handler                         0x080004ed   Thumb Code     2  stm32f4xx_it.o(i.DebugMon_Handler)
    Freq2Word                                0x080004f1   Thumb Code    48  ad9959.o(i.Freq2Word)
    HAL_GPIO_Init                            0x08000529   Thumb Code   450  stm32f4xx_hal_gpio.o(i.HAL_GPIO_Init)
    HAL_GPIO_ReadPin                         0x08000719   Thumb Code    10  stm32f4xx_hal_gpio.o(i.HAL_GPIO_ReadPin)
    HAL_GPIO_WritePin                        0x08000723   Thumb Code    10  stm32f4xx_hal_gpio.o(i.HAL_GPIO_WritePin)
    HAL_GetTick                              0x0800072d   Thumb Code     6  stm32f4xx_hal.o(i.HAL_GetTick)
    HAL_IncTick                              0x08000739   Thumb Code    12  stm32f4xx_hal.o(i.HAL_IncTick)
    HAL_Init                                 0x08000749   Thumb Code    48  stm32f4xx_hal.o(i.HAL_Init)
    HAL_InitTick                             0x0800077d   Thumb Code    54  stm32f4xx_hal.o(i.HAL_InitTick)
    HAL_MspInit                              0x080007bd   Thumb Code    42  stm32f4xx_hal_msp.o(i.HAL_MspInit)
    HAL_NVIC_SetPriority                     0x080007ed   Thumb Code    60  stm32f4xx_hal_cortex.o(i.HAL_NVIC_SetPriority)
    HAL_NVIC_SetPriorityGrouping             0x0800082d   Thumb Code    26  stm32f4xx_hal_cortex.o(i.HAL_NVIC_SetPriorityGrouping)
    HAL_RCC_ClockConfig                      0x08000851   Thumb Code   288  stm32f4xx_hal_rcc.o(i.HAL_RCC_ClockConfig)
    HAL_RCC_GetSysClockFreq                  0x08000985   Thumb Code    88  stm32f4xx_hal_rcc.o(i.HAL_RCC_GetSysClockFreq)
    HAL_RCC_OscConfig                        0x080009e5   Thumb Code   856  stm32f4xx_hal_rcc.o(i.HAL_RCC_OscConfig)
    HAL_SYSTICK_Config                       0x08000d51   Thumb Code    40  stm32f4xx_hal_cortex.o(i.HAL_SYSTICK_Config)
    HardFault_Handler                        0x08000d79   Thumb Code     2  stm32f4xx_it.o(i.HardFault_Handler)
    InitIO_9959                              0x08000d7d   Thumb Code   196  ad9959.o(i.InitIO_9959)
    InitReset                                0x08000e45   Thumb Code    56  ad9959.o(i.InitReset)
    Init_AD9959                              0x08000e81   Thumb Code   162  ad9959.o(i.Init_AD9959)
    MX_GPIO_Init                             0x08000f35   Thumb Code   160  gpio.o(i.MX_GPIO_Init)
    MemManage_Handler                        0x08000fe1   Thumb Code     2  stm32f4xx_it.o(i.MemManage_Handler)
    NMI_Handler                              0x08000fe3   Thumb Code     2  stm32f4xx_it.o(i.NMI_Handler)
    PendSV_Handler                           0x08000fe5   Thumb Code     2  stm32f4xx_it.o(i.PendSV_Handler)
    Phase2Word                               0x08000fe9   Thumb Code    32  ad9959.o(i.Phase2Word)
    ReadData_AD9959                          0x08001011   Thumb Code   316  ad9959.o(i.ReadData_AD9959)
    SVC_Handler                              0x08001155   Thumb Code     2  stm32f4xx_it.o(i.SVC_Handler)
    Sweep_Frequency                          0x08001159   Thumb Code   534  ad9959.o(i.Sweep_Frequency)
    SysTick_Handler                          0x08001389   Thumb Code     4  stm32f4xx_it.o(i.SysTick_Handler)
    SystemClock_Config                       0x0800138d   Thumb Code   138  main.o(i.SystemClock_Config)
    SystemInit                               0x08001421   Thumb Code    12  system_stm32f4xx.o(i.SystemInit)
    UsageFault_Handler                       0x08001431   Thumb Code     2  stm32f4xx_it.o(i.UsageFault_Handler)
    WriteData_AD9959                         0x08001435   Thumb Code   244  ad9959.o(i.WriteData_AD9959)
    Write_Amplitude                          0x0800152d   Thumb Code    44  ad9959.o(i.Write_Amplitude)
    Write_Frequence                          0x08001559   Thumb Code    52  ad9959.o(i.Write_Frequence)
    Write_Phase                              0x08001595   Thumb Code    44  ad9959.o(i.Write_Phase)
    __scatterload_copy                       0x080015e1   Thumb Code    14  handlers.o(i.__scatterload_copy)
    __scatterload_null                       0x080015ef   Thumb Code     2  handlers.o(i.__scatterload_null)
    __scatterload_zeroinit                   0x080015f1   Thumb Code    14  handlers.o(i.__scatterload_zeroinit)
    delay_9959                               0x080015ff   Thumb Code    12  ad9959.o(i.delay_9959)
    main                                     0x0800160d   Thumb Code    50  main.o(i.main)
    AHBPrescTable                            0x08001648   Data          16  system_stm32f4xx.o(.constdata)
    Region$$Table$$Base                      0x08001658   Number         0  anon$$obj.o(Region$$Table)
    Region$$Table$$Limit                     0x08001678   Number         0  anon$$obj.o(Region$$Table)
    uwTickFreq                               0x20000000   Data           1  stm32f4xx_hal.o(.data)
    uwTickPrio                               0x20000004   Data           4  stm32f4xx_hal.o(.data)
    uwTick                                   0x20000008   Data           4  stm32f4xx_hal.o(.data)
    SystemCoreClock                          0x2000000c   Data           4  system_stm32f4xx.o(.data)
    CSR_DATA                                 0x20000010   Data           4  ad9959.o(.data)
    SDIO0                                    0x20000014   Data           8  ad9959.o(.data)
    SDIO1                                    0x2000001c   Data           8  ad9959.o(.data)
    SDIO2                                    0x20000024   Data           8  ad9959.o(.data)
    SDIO3                                    0x2000002c   Data           8  ad9959.o(.data)
    PDC                                      0x20000034   Data           8  ad9959.o(.data)
    RST                                      0x2000003c   Data           8  ad9959.o(.data)
    SCLK                                     0x20000044   Data           8  ad9959.o(.data)
    CS                                       0x2000004c   Data           8  ad9959.o(.data)
    UPDATE                                   0x20000054   Data           8  ad9959.o(.data)
    PS0                                      0x2000005c   Data           8  ad9959.o(.data)
    PS1                                      0x20000064   Data           8  ad9959.o(.data)
    PS2                                      0x2000006c   Data           8  ad9959.o(.data)
    PS3                                      0x20000074   Data           8  ad9959.o(.data)
    SinFre                                   0x2000007c   Data          16  ad9959.o(.data)
    SinAmp                                   0x2000008c   Data          16  ad9959.o(.data)
    SinPhr                                   0x2000009c   Data          16  ad9959.o(.bss)
    __initial_sp                             0x200004b0   Data           0  startup_stm32f407xx.o(STACK)



==============================================================================

Memory Map of the image

  Image Entry point : 0x08000189

  Load Region LR_IROM1 (Base: 0x08000000, Size: 0x00001714, Max: 0x00100000, ABSOLUTE)

    Execution Region ER_IROM1 (Exec base: 0x08000000, Load base: 0x08000000, Size: 0x00001678, Max: 0x00100000, ABSOLUTE)

    Exec Addr    Load Addr    Size         Type   Attr      Idx    E Section Name        Object

    0x08000000   0x08000000   0x00000188   Data   RO            3    RESET               startup_stm32f407xx.o
    0x08000188   0x08000188   0x00000000   Code   RO         7974  * .ARM.Collect$$$$00000000  mc_w.l(entry.o)
    0x08000188   0x08000188   0x00000004   Code   RO         8054    .ARM.Collect$$$$00000001  mc_w.l(entry2.o)
    0x0800018c   0x0800018c   0x00000004   Code   RO         8057    .ARM.Collect$$$$00000004  mc_w.l(entry5.o)
    0x08000190   0x08000190   0x00000000   Code   RO         8059    .ARM.Collect$$$$00000008  mc_w.l(entry7b.o)
    0x08000190   0x08000190   0x00000000   Code   RO         8061    .ARM.Collect$$$$0000000A  mc_w.l(entry8b.o)
    0x08000190   0x08000190   0x00000008   Code   RO         8062    .ARM.Collect$$$$0000000B  mc_w.l(entry9a.o)
    0x08000198   0x08000198   0x00000000   Code   RO         8064    .ARM.Collect$$$$0000000D  mc_w.l(entry10a.o)
    0x08000198   0x08000198   0x00000000   Code   RO         8066    .ARM.Collect$$$$0000000F  mc_w.l(entry11a.o)
    0x08000198   0x08000198   0x00000004   Code   RO         8055    .ARM.Collect$$$$00002712  mc_w.l(entry2.o)
    0x0800019c   0x0800019c   0x00000024   Code   RO            4    .text               startup_stm32f407xx.o
    0x080001c0   0x080001c0   0x00000062   Code   RO         7977    .text               mc_w.l(uldiv.o)
    0x08000222   0x08000222   0x0000001e   Code   RO         7981    .text               mc_w.l(llshl.o)
    0x08000240   0x08000240   0x00000024   Code   RO         7987    .text               mc_w.l(memseta.o)
    0x08000264   0x08000264   0x000000e4   Code   RO         7993    .text               mf_w.l(dmul.o)
    0x08000348   0x08000348   0x0000001a   Code   RO         8001    .text               mf_w.l(dfltui.o)
    0x08000362   0x08000362   0x00000032   Code   RO         8007    .text               mf_w.l(dfixui.o)
    0x08000394   0x08000394   0x00000020   Code   RO         8068    .text               mc_w.l(llushr.o)
    0x080003b4   0x080003b4   0x00000000   Code   RO         8077    .text               mc_w.l(iusefp.o)
    0x080003b4   0x080003b4   0x000000ba   Code   RO         8080    .text               mf_w.l(depilogue.o)
    0x0800046e   0x0800046e   0x00000002   PAD
    0x08000470   0x08000470   0x00000024   Code   RO         8086    .text               mc_w.l(init.o)
    0x08000494   0x08000494   0x0000002c   Code   RO         1539    i.AD9959_IO_Update  ad9959.o
    0x080004c0   0x080004c0   0x00000010   Code   RO         1541    i.Amp2Word          ad9959.o
    0x080004d0   0x080004d0   0x00000002   Code   RO          252    i.BusFault_Handler  stm32f4xx_it.o
    0x080004d2   0x080004d2   0x00000002   PAD
    0x080004d4   0x080004d4   0x00000018   Code   RO         1542    i.Channel_Select    ad9959.o
    0x080004ec   0x080004ec   0x00000002   Code   RO          253    i.DebugMon_Handler  stm32f4xx_it.o
    0x080004ee   0x080004ee   0x00000002   PAD
    0x080004f0   0x080004f0   0x00000038   Code   RO         1543    i.Freq2Word         ad9959.o
    0x08000528   0x08000528   0x000001f0   Code   RO          706    i.HAL_GPIO_Init     stm32f4xx_hal_gpio.o
    0x08000718   0x08000718   0x0000000a   Code   RO          708    i.HAL_GPIO_ReadPin  stm32f4xx_hal_gpio.o
    0x08000722   0x08000722   0x0000000a   Code   RO          710    i.HAL_GPIO_WritePin  stm32f4xx_hal_gpio.o
    0x0800072c   0x0800072c   0x0000000c   Code   RO         1256    i.HAL_GetTick       stm32f4xx_hal.o
    0x08000738   0x08000738   0x00000010   Code   RO         1262    i.HAL_IncTick       stm32f4xx_hal.o
    0x08000748   0x08000748   0x00000034   Code   RO         1263    i.HAL_Init          stm32f4xx_hal.o
    0x0800077c   0x0800077c   0x00000040   Code   RO         1264    i.HAL_InitTick      stm32f4xx_hal.o
    0x080007bc   0x080007bc   0x00000030   Code   RO          327    i.HAL_MspInit       stm32f4xx_hal_msp.o
    0x080007ec   0x080007ec   0x00000040   Code   RO         1104    i.HAL_NVIC_SetPriority  stm32f4xx_hal_cortex.o
    0x0800082c   0x0800082c   0x00000024   Code   RO         1105    i.HAL_NVIC_SetPriorityGrouping  stm32f4xx_hal_cortex.o
    0x08000850   0x08000850   0x00000134   Code   RO          352    i.HAL_RCC_ClockConfig  stm32f4xx_hal_rcc.o
    0x08000984   0x08000984   0x00000060   Code   RO          361    i.HAL_RCC_GetSysClockFreq  stm32f4xx_hal_rcc.o
    0x080009e4   0x080009e4   0x0000036c   Code   RO          364    i.HAL_RCC_OscConfig  stm32f4xx_hal_rcc.o
    0x08000d50   0x08000d50   0x00000028   Code   RO         1109    i.HAL_SYSTICK_Config  stm32f4xx_hal_cortex.o
    0x08000d78   0x08000d78   0x00000002   Code   RO          254    i.HardFault_Handler  stm32f4xx_it.o
    0x08000d7a   0x08000d7a   0x00000002   PAD
    0x08000d7c   0x08000d7c   0x000000c8   Code   RO         1546    i.InitIO_9959       ad9959.o
    0x08000e44   0x08000e44   0x0000003c   Code   RO         1547    i.InitReset         ad9959.o
    0x08000e80   0x08000e80   0x000000b4   Code   RO         1548    i.Init_AD9959       ad9959.o
    0x08000f34   0x08000f34   0x000000ac   Code   RO          228    i.MX_GPIO_Init      gpio.o
    0x08000fe0   0x08000fe0   0x00000002   Code   RO          255    i.MemManage_Handler  stm32f4xx_it.o
    0x08000fe2   0x08000fe2   0x00000002   Code   RO          256    i.NMI_Handler       stm32f4xx_it.o
    0x08000fe4   0x08000fe4   0x00000002   Code   RO          257    i.PendSV_Handler    stm32f4xx_it.o
    0x08000fe6   0x08000fe6   0x00000002   PAD
    0x08000fe8   0x08000fe8   0x00000028   Code   RO         1549    i.Phase2Word        ad9959.o
    0x08001010   0x08001010   0x00000144   Code   RO         1550    i.ReadData_AD9959   ad9959.o
    0x08001154   0x08001154   0x00000002   Code   RO          258    i.SVC_Handler       stm32f4xx_it.o
    0x08001156   0x08001156   0x00000002   PAD
    0x08001158   0x08001158   0x00000230   Code   RO         1554    i.Sweep_Frequency   ad9959.o
    0x08001388   0x08001388   0x00000004   Code   RO          259    i.SysTick_Handler   stm32f4xx_it.o
    0x0800138c   0x0800138c   0x00000094   Code   RO           14    i.SystemClock_Config  main.o
    0x08001420   0x08001420   0x00000010   Code   RO         1502    i.SystemInit        system_stm32f4xx.o
    0x08001430   0x08001430   0x00000002   Code   RO          260    i.UsageFault_Handler  stm32f4xx_it.o
    0x08001432   0x08001432   0x00000002   PAD
    0x08001434   0x08001434   0x000000f8   Code   RO         1555    i.WriteData_AD9959  ad9959.o
    0x0800152c   0x0800152c   0x0000002c   Code   RO         1556    i.Write_Amplitude   ad9959.o
    0x08001558   0x08001558   0x0000003c   Code   RO         1557    i.Write_Frequence   ad9959.o
    0x08001594   0x08001594   0x0000002c   Code   RO         1558    i.Write_Phase       ad9959.o
    0x080015c0   0x080015c0   0x00000020   Code   RO         1111    i.__NVIC_SetPriority  stm32f4xx_hal_cortex.o
    0x080015e0   0x080015e0   0x0000000e   Code   RO         8090    i.__scatterload_copy  mc_w.l(handlers.o)
    0x080015ee   0x080015ee   0x00000002   Code   RO         8091    i.__scatterload_null  mc_w.l(handlers.o)
    0x080015f0   0x080015f0   0x0000000e   Code   RO         8092    i.__scatterload_zeroinit  mc_w.l(handlers.o)
    0x080015fe   0x080015fe   0x0000000c   Code   RO         1559    i.delay_9959        ad9959.o
    0x0800160a   0x0800160a   0x00000002   PAD
    0x0800160c   0x0800160c   0x0000003c   Code   RO           15    i.main              main.o
    0x08001648   0x08001648   0x00000010   Data   RO         1503    .constdata          system_stm32f4xx.o
    0x08001658   0x08001658   0x00000020   Data   RO         8088    Region$$Table       anon$$obj.o


    Execution Region RW_IRAM1 (Exec base: 0x20000000, Load base: 0x08001678, Size: 0x000004b0, Max: 0x0001c000, ABSOLUTE)

    Exec Addr    Load Addr    Size         Type   Attr      Idx    E Section Name        Object

    0x20000000   0x08001678   0x0000000c   Data   RW         1270    .data               stm32f4xx_hal.o
    0x2000000c   0x08001684   0x00000004   Data   RW         1505    .data               system_stm32f4xx.o
    0x20000010   0x08001688   0x0000008c   Data   RW         1561    .data               ad9959.o
    0x2000009c        -       0x00000010   Zero   RW         1560    .bss                ad9959.o
    0x200000ac   0x08001714   0x00000004   PAD
    0x200000b0        -       0x00000400   Zero   RW            1    STACK               startup_stm32f407xx.o


    Execution Region RW_IRAM2 (Exec base: 0x2001c000, Load base: 0x08001714, Size: 0x00000000, Max: 0x00004000, ABSOLUTE)

    **** No section assigned to this execution region ****


==============================================================================

Image component sizes


      Code (inc. data)   RO Data    RW Data    ZI Data      Debug   Object Name

      1912        100          0        140         16      11749   ad9959.o
       172         12          0          0          0        947   gpio.o
       208         20          0          0          0     636564   main.o
        36          8        392          0       1024        820   startup_stm32f407xx.o
       144         24          0         12          0       8669   stm32f4xx_hal.o
       172         14          0          0          0      33070   stm32f4xx_hal_cortex.o
       516         46          0          0          0       2799   stm32f4xx_hal_gpio.o
        48          6          0          0          0        830   stm32f4xx_hal_msp.o
      1280         48          0          0          0       4010   stm32f4xx_hal_rcc.o
        20          0          0          0          0       4046   stm32f4xx_it.o
        16          4         16          4          0       1087   system_stm32f4xx.o

    ----------------------------------------------------------------------
      4538        282        440        156       1044     704591   Object Totals
         0          0         32          0          0          0   (incl. Generated)
        14          0          0          0          4          0   (incl. Padding)

    ----------------------------------------------------------------------

      Code (inc. data)   RO Data    RW Data    ZI Data      Debug   Library Member Name

         0          0          0          0          0          0   entry.o
         0          0          0          0          0          0   entry10a.o
         0          0          0          0          0          0   entry11a.o
         8          4          0          0          0          0   entry2.o
         4          0          0          0          0          0   entry5.o
         0          0          0          0          0          0   entry7b.o
         0          0          0          0          0          0   entry8b.o
         8          4          0          0          0          0   entry9a.o
        30          0          0          0          0          0   handlers.o
        36          8          0          0          0         68   init.o
         0          0          0          0          0          0   iusefp.o
        30          0          0          0          0         68   llshl.o
        32          0          0          0          0         68   llushr.o
        36          0          0          0          0        108   memseta.o
        98          0          0          0          0         92   uldiv.o
       186          0          0          0          0        176   depilogue.o
        50          0          0          0          0         76   dfixui.o
        26          0          0          0          0         76   dfltui.o
       228          0          0          0          0         96   dmul.o

    ----------------------------------------------------------------------
       774         16          0          0          0        828   Library Totals
         2          0          0          0          0          0   (incl. Padding)

    ----------------------------------------------------------------------

      Code (inc. data)   RO Data    RW Data    ZI Data      Debug   Library Name

       282         16          0          0          0        404   mc_w.l
       490          0          0          0          0        424   mf_w.l

    ----------------------------------------------------------------------
       774         16          0          0          0        828   Library Totals

    ----------------------------------------------------------------------

==============================================================================


      Code (inc. data)   RO Data    RW Data    ZI Data      Debug   

      5312        298        440        156       1044     701659   Grand Totals
      5312        298        440        156       1044     701659   ELF Image Totals
      5312        298        440        156          0          0   ROM Totals

==============================================================================

    Total RO  Size (Code + RO Data)                 5752 (   5.62kB)
    Total RW  Size (RW Data + ZI Data)              1200 (   1.17kB)
    Total ROM Size (Code + RO Data + RW Data)       5908 (   5.77kB)

==============================================================================

